 MJPG_Decoder

 Timestamp is 6777f4d4 (Fri Jan  3 22:31:48 2025)

 Preferred load address is 10000000

 Start         Length     Name                   Class
 0001:00000000 000105f0H .text                   CODE
 0001:000105f0 0002c430H .text$mn                CODE
 0001:0003ca20 00000036H .text$x                 CODE
 0002:00000000 00000110H .idata$5                DATA
 0002:00000110 00000004H .00cfg                  DATA
 0002:00000114 00000004H .CRT$XCA                DATA
 0002:00000118 00000004H .CRT$XCZ                DATA
 0002:0000011c 00000004H .CRT$XIA                DATA
 0002:00000120 0000000cH .CRT$XIC                DATA
 0002:0000012c 00000004H .CRT$XIZ                DATA
 0002:00000130 00000004H .CRT$XPA                DATA
 0002:00000134 00000008H .CRT$XPX                DATA
 0002:0000013c 00000004H .CRT$XPXA               DATA
 0002:00000140 00000004H .CRT$XPZ                DATA
 0002:00000144 00000004H .CRT$XTA                DATA
 0002:00000148 00000008H .CRT$XTZ                DATA
 0002:00000150 0000835cH .rdata                  DATA
 0002:000084ac 000000e4H .rdata$r                DATA
 0002:00008590 0000001cH .rdata$sxdata           DATA
 0002:000085ac 0000034cH .rdata$zzzdbg           DATA
 0002:000088f8 00000004H .rtc$IAA                DATA
 0002:000088fc 00000004H .rtc$IZZ                DATA
 0002:00008900 00000004H .rtc$TAA                DATA
 0002:00008904 00000004H .rtc$TZZ                DATA
 0002:00008908 00000598H .xdata$x                DATA
 0002:00008ea0 00000188H .edata                  DATA
 0002:00009028 00000014H .idata$2                DATA
 0002:0000903c 00000014H .idata$3                DATA
 0002:00009050 00000110H .idata$4                DATA
 0002:00009160 000004eaH .idata$6                DATA
 0003:00000000 00000940H .data                   DATA
 0003:00000940 00000058H .data$r                 DATA
 0003:00000998 00010a30H .bss                    DATA
 0004:00000000 0000008cH .gfids$x                DATA
 0004:0000008c 00000038H .gfids$y                DATA
 0005:00000000 00000060H .rsrc$01                DATA
 0005:00000060 00000180H .rsrc$02                DATA

  Address         Publics by Value              Rva+Base       Lib:Object

 0000:00000000       ___guard_fids_count        00000000     <absolute>
 0000:00000000       ___guard_longjmp_count     00000000     <absolute>
 0000:00000000       __except_list              00000000     <absolute>
 0000:00000000       ___guard_longjmp_table     00000000     <absolute>
 0000:00000000       ___guard_iat_table         00000000     <absolute>
 0000:00000000       ___guard_iat_count         00000000     <absolute>
 0000:00000000       ___guard_fids_table        00000000     <absolute>
 0000:00000000       ___dynamic_value_reloc_table 00000000     <absolute>
 0000:00000007       ___safe_se_handler_count   00000007     <absolute>
 0000:00000100       ___guard_flags             00000100     <absolute>
 0000:00000000       ___ImageBase               10000000     <linker-defined>
 0001:00000000       _jsimd_rgb_ycc_convert_mmx 10001000     jccolmmx.obj
 0001:00000370       _jsimd_extrgb_ycc_convert_mmx 10001370     jccolmmx.obj
 0001:000006e0       _jsimd_extrgbx_ycc_convert_mmx 100016e0     jccolmmx.obj
 0001:00000a20       _jsimd_extbgr_ycc_convert_mmx 10001a20     jccolmmx.obj
 0001:00000d90       _jsimd_extbgrx_ycc_convert_mmx 10001d90     jccolmmx.obj
 0001:000010d0       _jsimd_extxbgr_ycc_convert_mmx 100020d0     jccolmmx.obj
 0001:00001410       _jsimd_extxrgb_ycc_convert_mmx 10002410     jccolmmx.obj
 0001:00001750       _jsimd_rgb_ycc_convert_sse2 10002750     jccolss2.obj
 0001:00001b90       _jsimd_extrgb_ycc_convert_sse2 10002b90     jccolss2.obj
 0001:00001fd0       _jsimd_extrgbx_ycc_convert_sse2 10002fd0     jccolss2.obj
 0001:000023e0       _jsimd_extbgr_ycc_convert_sse2 100033e0     jccolss2.obj
 0001:00002820       _jsimd_extbgrx_ycc_convert_sse2 10003820     jccolss2.obj
 0001:00002c30       _jsimd_extxbgr_ycc_convert_sse2 10003c30     jccolss2.obj
 0001:00003040       _jsimd_extxrgb_ycc_convert_sse2 10004040     jccolss2.obj
 0001:00003450       _jsimd_rgb_gray_convert_mmx 10004450     jcgrammx.obj
 0001:00003650       _jsimd_extrgb_gray_convert_mmx 10004650     jcgrammx.obj
 0001:00003850       _jsimd_extrgbx_gray_convert_mmx 10004850     jcgrammx.obj
 0001:00003a20       _jsimd_extbgr_gray_convert_mmx 10004a20     jcgrammx.obj
 0001:00003c20       _jsimd_extbgrx_gray_convert_mmx 10004c20     jcgrammx.obj
 0001:00003df0       _jsimd_extxbgr_gray_convert_mmx 10004df0     jcgrammx.obj
 0001:00003fc0       _jsimd_extxrgb_gray_convert_mmx 10004fc0     jcgrammx.obj
 0001:00004190       _jsimd_rgb_gray_convert_sse2 10005190     jcgrass2.obj
 0001:00004410       _jsimd_extrgb_gray_convert_sse2 10005410     jcgrass2.obj
 0001:00004690       _jsimd_extrgbx_gray_convert_sse2 10005690     jcgrass2.obj
 0001:000048e0       _jsimd_extbgr_gray_convert_sse2 100058e0     jcgrass2.obj
 0001:00004b60       _jsimd_extbgrx_gray_convert_sse2 10005b60     jcgrass2.obj
 0001:00004db0       _jsimd_extxbgr_gray_convert_sse2 10005db0     jcgrass2.obj
 0001:00005000       _jsimd_extxrgb_gray_convert_sse2 10006000     jcgrass2.obj
 0001:00005250       _jsimd_convsamp_float_3dnow 10006250     jcqnt3dn.obj
 0001:00005320       _jsimd_quantize_float_3dnow 10006320     jcqnt3dn.obj
 0001:00005400       _jsimd_convsamp_mmx        10006400     jcqntmmx.obj
 0001:000054b0       _jsimd_quantize_mmx        100064b0     jcqntmmx.obj
 0001:00005580       _jsimd_convsamp_float_sse2 10006580     jcqnts2f.obj
 0001:00005610       _jsimd_quantize_float_sse2 10006610     jcqnts2f.obj
 0001:00005680       _jsimd_convsamp_sse2       10006680     jcqnts2i.obj
 0001:00005710       _jsimd_quantize_sse2       10006710     jcqnts2i.obj
 0001:00005820       _jsimd_convsamp_float_sse  10006820     jcqntsse.obj
 0001:000058e0       _jsimd_quantize_float_sse  100068e0     jcqntsse.obj
 0001:00005970       _jsimd_h2v1_downsample_mmx 10006970     jcsammmx.obj
 0001:00005a30       _jsimd_h2v2_downsample_mmx 10006a30     jcsammmx.obj
 0001:00005b30       _jsimd_h2v1_downsample_sse2 10006b30     jcsamss2.obj
 0001:00005c20       _jsimd_h2v2_downsample_sse2 10006c20     jcsamss2.obj
 0001:00005d60       _jsimd_ycc_rgb_convert_mmx 10006d60     jdcolmmx.obj
 0001:00005ff0       _jsimd_ycc_extrgb_convert_mmx 10006ff0     jdcolmmx.obj
 0001:00006280       _jsimd_ycc_extrgbx_convert_mmx 10007280     jdcolmmx.obj
 0001:000064e0       _jsimd_ycc_extbgr_convert_mmx 100074e0     jdcolmmx.obj
 0001:00006770       _jsimd_ycc_extbgrx_convert_mmx 10007770     jdcolmmx.obj
 0001:000069d0       _jsimd_ycc_extxbgr_convert_mmx 100079d0     jdcolmmx.obj
 0001:00006c30       _jsimd_ycc_extxrgb_convert_mmx 10007c30     jdcolmmx.obj
 0001:00006e90       _jsimd_ycc_rgb_convert_sse2 10007e90     jdcolss2.obj
 0001:000071e0       _jsimd_ycc_extrgb_convert_sse2 100081e0     jdcolss2.obj
 0001:00007530       _jsimd_ycc_extrgbx_convert_sse2 10008530     jdcolss2.obj
 0001:00007830       _jsimd_ycc_extbgr_convert_sse2 10008830     jdcolss2.obj
 0001:00007b80       _jsimd_ycc_extbgrx_convert_sse2 10008b80     jdcolss2.obj
 0001:00007e80       _jsimd_ycc_extxbgr_convert_sse2 10008e80     jdcolss2.obj
 0001:00008180       _jsimd_ycc_extxrgb_convert_sse2 10009180     jdcolss2.obj
 0001:00008480       _jsimd_h2v1_merged_upsample_mmx 10009480     jdmermmx.obj
 0001:00008700       _jsimd_h2v2_merged_upsample_mmx 10009700     jdmermmx.obj
 0001:00008750       _jsimd_h2v1_extrgb_merged_upsample_mmx 10009750     jdmermmx.obj
 0001:000089d0       _jsimd_h2v2_extrgb_merged_upsample_mmx 100099d0     jdmermmx.obj
 0001:00008a20       _jsimd_h2v1_extrgbx_merged_upsample_mmx 10009a20     jdmermmx.obj
 0001:00008c70       _jsimd_h2v2_extrgbx_merged_upsample_mmx 10009c70     jdmermmx.obj
 0001:00008cc0       _jsimd_h2v1_extbgr_merged_upsample_mmx 10009cc0     jdmermmx.obj
 0001:00008f40       _jsimd_h2v2_extbgr_merged_upsample_mmx 10009f40     jdmermmx.obj
 0001:00008f90       _jsimd_h2v1_extbgrx_merged_upsample_mmx 10009f90     jdmermmx.obj
 0001:000091e0       _jsimd_h2v2_extbgrx_merged_upsample_mmx 1000a1e0     jdmermmx.obj
 0001:00009230       _jsimd_h2v1_extxbgr_merged_upsample_mmx 1000a230     jdmermmx.obj
 0001:00009480       _jsimd_h2v2_extxbgr_merged_upsample_mmx 1000a480     jdmermmx.obj
 0001:000094d0       _jsimd_h2v1_extxrgb_merged_upsample_mmx 1000a4d0     jdmermmx.obj
 0001:00009720       _jsimd_h2v2_extxrgb_merged_upsample_mmx 1000a720     jdmermmx.obj
 0001:000097a0       _jsimd_h2v1_merged_upsample_sse2 1000a7a0     jdmerss2.obj
 0001:00009af0       _jsimd_h2v2_merged_upsample_sse2 1000aaf0     jdmerss2.obj
 0001:00009b40       _jsimd_h2v1_extrgb_merged_upsample_sse2 1000ab40     jdmerss2.obj
 0001:00009e90       _jsimd_h2v2_extrgb_merged_upsample_sse2 1000ae90     jdmerss2.obj
 0001:00009ee0       _jsimd_h2v1_extrgbx_merged_upsample_sse2 1000aee0     jdmerss2.obj
 0001:0000a1d0       _jsimd_h2v2_extrgbx_merged_upsample_sse2 1000b1d0     jdmerss2.obj
 0001:0000a220       _jsimd_h2v1_extbgr_merged_upsample_sse2 1000b220     jdmerss2.obj
 0001:0000a570       _jsimd_h2v2_extbgr_merged_upsample_sse2 1000b570     jdmerss2.obj
 0001:0000a5c0       _jsimd_h2v1_extbgrx_merged_upsample_sse2 1000b5c0     jdmerss2.obj
 0001:0000a8b0       _jsimd_h2v2_extbgrx_merged_upsample_sse2 1000b8b0     jdmerss2.obj
 0001:0000a900       _jsimd_h2v1_extxbgr_merged_upsample_sse2 1000b900     jdmerss2.obj
 0001:0000abf0       _jsimd_h2v2_extxbgr_merged_upsample_sse2 1000bbf0     jdmerss2.obj
 0001:0000ac40       _jsimd_h2v1_extxrgb_merged_upsample_sse2 1000bc40     jdmerss2.obj
 0001:0000af30       _jsimd_h2v2_extxrgb_merged_upsample_sse2 1000bf30     jdmerss2.obj
 0001:0000af80       _jsimd_h2v1_fancy_upsample_mmx 1000bf80     jdsammmx.obj
 0001:0000b0b0       _jsimd_h2v2_fancy_upsample_mmx 1000c0b0     jdsammmx.obj
 0001:0000b390       _jsimd_h2v1_upsample_mmx   1000c390     jdsammmx.obj
 0001:0000b410       _jsimd_h2v2_upsample_mmx   1000c410     jdsammmx.obj
 0001:0000b4b0       _jsimd_h2v1_fancy_upsample_sse2 1000c4b0     jdsamss2.obj
 0001:0000b610       _jsimd_h2v2_fancy_upsample_sse2 1000c610     jdsamss2.obj
 0001:0000b980       _jsimd_h2v1_upsample_sse2  1000c980     jdsamss2.obj
 0001:0000ba00       _jsimd_h2v2_upsample_sse2  1000ca00     jdsamss2.obj
 0001:0000bab0       _jsimd_fdct_float_3dnow    1000cab0     jf3dnflt.obj
 0001:0000bd70       _jsimd_fdct_ifast_mmx      1000cd70     jfmmxfst.obj
 0001:0000c060       _jsimd_fdct_islow_mmx      1000d060     jfmmxint.obj
 0001:0000c590       _jsimd_fdct_ifast_sse2     1000d590     jfss2fst.obj
 0001:0000c970       _jsimd_fdct_islow_sse2     1000d970     jfss2int.obj
 0001:0000d010       _jsimd_fdct_float_sse      1000e010     jfsseflt.obj
 0001:0000d310       _jsimd_idct_float_3dnow    1000e310     ji3dnflt.obj
 0001:0000d740       _jsimd_idct_ifast_mmx      1000e740     jimmxfst.obj
 0001:0000db10       _jsimd_idct_islow_mmx      1000eb10     jimmxint.obj
 0001:0000e270       _jsimd_idct_4x4_mmx        1000f270     jimmxred.obj
 0001:0000e650       _jsimd_idct_2x2_mmx        1000f650     jimmxred.obj
 0001:0000e7f0       _jsimd_idct_float_sse2     1000f7f0     jiss2flt.obj
 0001:0000eca0       _jsimd_idct_ifast_sse2     1000fca0     jiss2fst.obj
 0001:0000f170       _jsimd_idct_islow_sse2     10010170     jiss2int.obj
 0001:0000fb40       _jsimd_idct_4x4_sse2       10010b40     jiss2red.obj
 0001:0000fee0       _jsimd_idct_2x2_sse2       10010ee0     jiss2red.obj
 0001:00010070       _jsimd_idct_float_sse      10011070     jisseflt.obj
 0001:00010580       _jpeg_simd_cpu_support     10011580     jsimdcpu.obj
 0001:000105f0       ___local_stdio_printf_options 100115f0 f i bmp.obj
 0001:00010600       _jpeg_CreateDecompress     10011600 f   jdapimin.obj
 0001:000108f0       _jpeg_read_header          100118f0 f   jdapimin.obj
 0001:00010990       _jpeg_consume_input        10011990 f   jdapimin.obj
 0001:00010a50       _jpeg_finish_decompress    10011a50 f   jdapimin.obj
 0001:00010b50       _jpeg_start_decompress     10011b50 f   jdapistd.obj
 0001:00010d20       _jpeg_read_raw_data        10011d20 f   jdapistd.obj
 0001:00011d00       _jinit_arith_decoder       10012d00 f   jdarith.obj
 0001:00011da0       ___except_validate_context_record 10012da0 f   libvcruntime:jbcxrval.obj
 0001:00011da0       ___except_validate_jump_buffer 10012da0 f   libvcruntime:jbcxrval.obj
 0001:00011da0       @_guard_check_icall_nop@4  10012da0 f   LIBCMT:guard_support.obj
 0001:00012c50       _jinit_d_coef_controller   10013c50 f   jdcoefct.obj
 0001:000142e0       _jinit_color_deconverter   100152e0 f   jdcolor.obj
 0001:00014b60       _jinit_inverse_dct         10015b60 f   jddctmgr.obj
 0001:00014d60       _jpeg_make_d_derived_tbl   10015d60 f   jdhuff.obj
 0001:000150c0       _jpeg_fill_bit_buffer      100160c0 f   jdhuff.obj
 0001:000151e0       _jpeg_huff_decode          100161e0 f   jdhuff.obj
 0001:00016a10       _jinit_d_main_controller   10017a10 f   jdmainct.obj
 0001:00018520       _jpeg_resync_to_restart    10019520 f   jdmarker.obj
 0001:00018660       _jinit_marker_reader       10019660 f   jdmarker.obj
 0001:000187e0       _jpeg_core_output_dimensions 100197e0 f   jdmaster.obj
 0001:00018c30       _jpeg_calc_output_dimensions 10019c30 f   jdmaster.obj
 0001:0001aa90       _jinit_merged_upsampler    1001ba90 f   jdmerge.obj
 0001:0001b8a0       _jinit_phuff_decoder       1001c8a0 f   jdphuff.obj
 0001:0001bbe0       _jinit_d_post_controller   1001cbe0 f   jdpostct.obj
 0001:0001c1d0       _jinit_upsampler           1001d1d0 f   jdsample.obj
 0001:0001c440       _fprintf                   1001d440 f i jerror.obj
 0001:0001c470       _sprintf                   1001d470 f i jerror.obj
 0001:0001c650       _jpeg_idct_float           1001d650 f   jidctflt.obj
 0001:0001cae0       _jpeg_idct_ifast           1001dae0 f   jidctfst.obj
 0001:0001d060       _jpeg_idct_islow           1001e060 f   jidctint.obj
 0001:0001d600       _jpeg_idct_7x7             1001e600 f   jidctint.obj
 0001:0001e350       _jpeg_idct_6x6             1001f350 f   jidctint.obj
 0001:0001edd0       _jpeg_idct_5x5             1001fdd0 f   jidctint.obj
 0001:0001f550       _jpeg_idct_3x3             10020550 f   jidctint.obj
 0001:0001f7a0       _jpeg_idct_9x9             100207a0 f   jidctint.obj
 0001:0001fc10       _jpeg_idct_10x10           10020c10 f   jidctint.obj
 0001:00020140       _jpeg_idct_11x11           10021140 f   jidctint.obj
 0001:000207b0       _jpeg_idct_12x12           100217b0 f   jidctint.obj
 0001:00020da0       _jpeg_idct_13x13           10021da0 f   jidctint.obj
 0001:00021500       _jpeg_idct_14x14           10022500 f   jidctint.obj
 0001:00021c00       _jpeg_idct_15x15           10022c00 f   jidctint.obj
 0001:00022380       _jpeg_idct_16x16           10023380 f   jidctint.obj
 0001:00022bf0       _jpeg_idct_4x4             10023bf0 f   jidctred.obj
 0001:00022f80       _jpeg_idct_2x2             10023f80 f   jidctred.obj
 0001:00023200       _jpeg_idct_1x1             10024200 f   jidctred.obj
 0001:00023240       ___local_stdio_scanf_options 10024240 f i jmemmgr.obj
 0001:00023250       _sscanf                    10024250 f i jmemmgr.obj
 0001:00023db0       _jinit_memory_mgr          10024db0 f   jmemmgr.obj
 0001:000249a0       _jinit_1pass_quantizer     100259a0 f   jquant1.obj
 0001:00025ea0       _jinit_2pass_quantizer     10026ea0 f   jquant2.obj
 0001:00026130       _jsimd_ycc_rgb_convert     10027130 f   jsimd_i386.obj
 0001:00026210       _jsimd_h2v2_upsample       10027210 f   jsimd_i386.obj
 0001:00026260       _jsimd_h2v1_upsample       10027260 f   jsimd_i386.obj
 0001:000262b0       _jsimd_h2v2_fancy_upsample 100272b0 f   jsimd_i386.obj
 0001:00026310       _jsimd_h2v1_fancy_upsample 10027310 f   jsimd_i386.obj
 0001:00026370       _jsimd_h2v2_merged_upsample 10027370 f   jsimd_i386.obj
 0001:00026450       _jsimd_h2v1_merged_upsample 10027450 f   jsimd_i386.obj
 0001:00026530       _jsimd_idct_2x2            10027530 f   jsimd_i386.obj
 0001:00026580       _jsimd_idct_4x4            10027580 f   jsimd_i386.obj
 0001:000265d0       _jsimd_idct_islow          100275d0 f   jsimd_i386.obj
 0001:00026620       _jsimd_idct_ifast          10027620 f   jsimd_i386.obj
 0001:00026670       _jsimd_idct_float          10027670 f   jsimd_i386.obj
 0001:000266f0       _DllMain@12                100276f0 f   dllmain.obj
 0001:00026700       ??0CMJPG_Decoder@@QAE@XZ   10027700 f i MJPG_Decoder.obj
 0001:00026750       ??1CMJPG_Decoder@@QAE@XZ   10027750 f i MJPG_Decoder.obj
 0001:00026790       ??4CMJPG_Decoder@@QAEAAV0@ABV0@@Z 10027790 f i MJPG_Decoder.obj
 0001:000267e0       ?Init@CMJPG_Decoder@@QAEXXZ 100277e0 f   MJPG_Decoder.obj
 0001:00026a00       ?Uninit@CMJPG_Decoder@@QAEXXZ 10027a00 f   MJPG_Decoder.obj
 0001:00026ad0       ?ProcessData@CMJPG_Decoder@@QAEHPBEHPAEPAH@Z 10027ad0 f   MJPG_Decoder.obj
 0001:00026c60       ?GetGrayData@CMJPG_Decoder@@QBEPBEXZ 10027c60 f   MJPG_Decoder.obj
 0001:00026c67       @__security_check_cookie@4 10027c67 f   LIBCMT:_secchk_.obj
 0001:00026c78       ___raise_securityfailure   10027c78 f   LIBCMT:gs_report.obj
 0001:00026ca0       ___report_gsfailure        10027ca0 f   LIBCMT:gs_report.obj
 0001:00026d9b       ___report_rangecheckfailure 10027d9b f   LIBCMT:gs_report.obj
 0001:00026da7       ___report_securityfailure  10027da7 f   LIBCMT:gs_report.obj
 0001:0002717f       __DllMainCRTStartup@12     1002817f f   LIBCMT:dll_dllmain.obj
 0001:000271a2       ??$__crt_fast_encode_pointer@PAP6AXXZ@@YAPAP6AXXZQAP6AXXZ@Z 100281a2 f i LIBCMT:utility.obj
 0001:000271a2       ??$__crt_fast_encode_pointer@PAX@@YAPAXQAX@Z 100281a2 f i libvcruntime:winapi_downlevel.obj
 0001:00027203       ___scrt_acquire_startup_lock 10028203 f   LIBCMT:utility.obj
 0001:00027238       ___scrt_dllmain_after_initialize_c 10028238 f   LIBCMT:utility.obj
 0001:00027263       ___scrt_dllmain_before_initialize_c 10028263 f   LIBCMT:utility.obj
 0001:00027271       ___scrt_dllmain_crt_thread_attach 10028271 f   LIBCMT:utility.obj
 0001:00027290       ___scrt_dllmain_crt_thread_detach 10028290 f   LIBCMT:utility.obj
 0001:0002729d       ___scrt_dllmain_exception_filter 1002829d f   LIBCMT:utility.obj
 0001:000272d0       ___scrt_dllmain_uninitialize_c 100282d0 f   LIBCMT:utility.obj
 0001:000272f3       ___scrt_dllmain_uninitialize_critical 100282f3 f   LIBCMT:utility.obj
 0001:00027300       ___scrt_initialize_crt     10028300 f   LIBCMT:utility.obj
 0001:00027339       ___scrt_initialize_onexit_tables 10028339 f   LIBCMT:utility.obj
 0001:000273d0       ___scrt_is_nonwritable_in_current_image 100283d0 f   LIBCMT:utility.obj
 0001:0002745a       ___scrt_release_startup_lock 1002845a f   LIBCMT:utility.obj
 0001:00027477       ___scrt_uninitialize_crt   10028477 f   LIBCMT:utility.obj
 0001:0002749f       __onexit                   1002849f f   LIBCMT:utility.obj
 0001:000274da       _atexit                    100284da f   LIBCMT:utility.obj
 0001:000274ef       ___security_init_cookie    100284ef f   LIBCMT:gs_support.obj
 0001:0002758b       ?__scrt_initialize_type_info@@YAXXZ 1002858b f   LIBCMT:tncleanup.obj
 0001:00027597       ?__scrt_uninitialize_type_info@@YAXXZ 10028597 f   LIBCMT:tncleanup.obj
 0001:000275a3       ___scrt_initialize_default_local_stdio_options 100285a3 f   LIBCMT:default_local_stdio_options.obj
 0001:000275c0       ___scrt_get_dyn_tls_init_callback 100285c0 f   LIBCMT:dyn_tls_init.obj
 0001:000275c6       ___scrt_fastfail           100285c6 f   LIBCMT:utility_desktop.obj
 0001:000276e1       __crt_debugger_hook        100286e1 f   LIBCMT:utility_desktop.obj
 0001:000276e9       __RTC_Initialize           100286e9 f   LIBCMT:_initsect_.obj
 0001:00027714       __RTC_Terminate            10028714 f   LIBCMT:_initsect_.obj
 0001:0002773f       @_guard_check_icall@4      1002873f f i LIBCMT:checkcfg.obj
 0001:00027750       __SEH_prolog4              10028750 f   LIBCMT:_sehprolg4_.obj
 0001:00027796       __SEH_epilog4              10028796 f   LIBCMT:_sehprolg4_.obj
 0001:000277ab       ___isa_available_init      100287ab f   LIBCMT:_cpu_disp_.obj
 0001:00027945       __get_startup_argv_mode    10028945 f   LIBCMT:argv_mode.obj
 0001:00027949       ___scrt_is_ucrt_dll_in_use 10028949 f   LIBCMT:ucrt_detection.obj
 0001:00027955       _longjmp                   10028955 f   libvcruntime:longjmpc.obj
 0001:00027970       _strrchr                   10028970 f   libvcruntime:strrchr.obj
 0001:00027aa7       ___DestructExceptionObject 10028aa7 f   libvcruntime:frame.obj
 0001:00027b3b       ??0bad_exception@std@@QAE@ABV01@@Z 10028b3b f i libvcruntime:frame.obj
 0001:00027b56       ??0bad_exception@std@@QAE@XZ 10028b56 f i libvcruntime:frame.obj
 0001:00027b6e       ??0exception@std@@QAE@ABV01@@Z 10028b6e f i libvcruntime:frame.obj
 0001:00027b9a       ??1bad_exception@std@@UAE@XZ 10028b9a f i libvcruntime:frame.obj
 0001:00027bab       ??_Gbad_exception@std@@UAEPAXI@Z 10028bab f i libvcruntime:frame.obj
 0001:00027bab       ??_Eexception@std@@UAEPAXI@Z 10028bab f i libvcruntime:frame.obj
 0001:00027bab       ??_Gexception@std@@UAEPAXI@Z 10028bab f i libvcruntime:frame.obj
 0001:00027bab       ??_Ebad_exception@std@@UAEPAXI@Z 10028bab f i libvcruntime:frame.obj
 0001:000283f1       ?_CallMemberFunction0@@YGXQAX0@Z 100293f1 f i libvcruntime:frame.obj
 0001:000283f1       ?_CallMemberFunction2@@YGXQAX00H@Z 100293f1 f i libvcruntime:frame.obj
 0001:000283f1       ?_CallMemberFunction1@@YGXQAX00@Z 100293f1 f i libvcruntime:frame.obj
 0001:000283f8       ?what@exception@std@@UBEPBDXZ 100293f8 f i libvcruntime:frame.obj
 0001:00028405       ___AdjustPointer           10029405 f   libvcruntime:frame.obj
 0001:0002842a       ___BuildCatchObject        1002942a f   libvcruntime:frame.obj
 0001:000284b9       ___BuildCatchObjectHelper  100294b9 f   libvcruntime:frame.obj
 0001:000285e7       ___FrameUnwindFilter       100295e7 f   libvcruntime:frame.obj
 0001:0002862c       ___FrameUnwindToState      1002962c f   libvcruntime:frame.obj
 0001:000286f4       ___InternalCxxFrameHandler 100296f4 f   libvcruntime:frame.obj
 0001:000287f0       ___TypeMatch               100297f0 f   libvcruntime:frame.obj
 0001:000288c0       __except_handler4          100298c0 f   libvcruntime:_chandler4_.obj
 0001:00028a26       ___vcrt_initialize         10029a26 f   libvcruntime:initialization.obj
 0001:00028a4f       ___vcrt_thread_attach      10029a4f f   libvcruntime:initialization.obj
 0001:00028a5a       ___vcrt_thread_detach      10029a5a f   libvcruntime:initialization.obj
 0001:00028a65       ___vcrt_uninitialize       10029a65 f   libvcruntime:initialization.obj
 0001:00028a84       ___vcrt_uninitialize_critical 10029a84 f   libvcruntime:initialization.obj
 0001:00028a8c       ___std_type_info_compare   10029a8c f   libvcruntime:std_type_info.obj
 0001:00028ac8       ___std_type_info_destroy_list 10029ac8 f   libvcruntime:std_type_info.obj
 0001:00028af0       _memset                    10029af0 f   libvcruntime:memset.obj
 0001:00028c50       ___longjmp_internal        10029c50 f   libvcruntime:_longjmp_.obj
 0001:00028d01       _unexpected                10029d01 f   libvcruntime:unexpected.obj
 0001:00028d20       _memmove                   10029d20 f   libvcruntime:memmove.obj
 0001:00029294       ___vcrt_freefls@4          1002a294 f   libvcruntime:per_thread_data.obj
 0001:000292b0       ___vcrt_freeptd            1002a2b0 f   libvcruntime:per_thread_data.obj
 0001:000292e6       ___vcrt_getptd             1002a2e6 f   libvcruntime:per_thread_data.obj
 0001:000292f4       ___vcrt_getptd_noexit      1002a2f4 f   libvcruntime:per_thread_data.obj
 0001:00029386       ___vcrt_initialize_ptd     1002a386 f   libvcruntime:per_thread_data.obj
 0001:000293b9       ___vcrt_uninitialize_ptd   1002a3b9 f   libvcruntime:per_thread_data.obj
 0001:000293e0       __CallSettingFrame@12      1002a3e0 f   libvcruntime:lowhelpr.obj
 0001:00029407       __NLG_Return               1002a407     libvcruntime:lowhelpr.obj
 0001:0002942c       ?_CallCatchBlock2@@YAPAXPAUEHRegistrationNode@@PBU_s_FuncInfo@@PAXHK@Z 1002a42c f   libvcruntime:trnsctrl.obj
 0001:0002948c       ?_CallSETranslator@@YAHPAUEHExceptionRecord@@PAUEHRegistrationNode@@PAX2PBU_s_FuncInfo@@H1@Z 1002a48c f   libvcruntime:trnsctrl.obj
 0001:00029569       ?_GetRangeOfTrysToCheck@@YAPBU_s_TryBlockMapEntry@@PBU_s_FuncInfo@@HHPAI1@Z 1002a569 f   libvcruntime:trnsctrl.obj
 0001:000295e1       ?_JumpToContinuation@@YGXPAXPAUEHRegistrationNode@@@Z 1002a5e1 f   libvcruntime:trnsctrl.obj
 0001:00029613       ?_UnwindNestedFrames@@YGXPAUEHRegistrationNode@@PAUEHExceptionRecord@@@Z 1002a613 f   libvcruntime:trnsctrl.obj
 0001:00029668       __CatchGuardHandler        1002a668 f   libvcruntime:trnsctrl.obj
 0001:00029699       __CreateFrameInfo          1002a699 f   libvcruntime:trnsctrl.obj
 0001:000296bd       __FindAndUnlinkFrame       1002a6bd f   libvcruntime:trnsctrl.obj
 0001:00029707       __IsExceptionObjectToBeDestroyed 1002a707 f   libvcruntime:trnsctrl.obj
 0001:0002972d       __TranslatorGuardHandler   1002a72d f   libvcruntime:trnsctrl.obj
 0001:000297cc       ___CxxFrameHandler3        1002a7cc f   libvcruntime:trnsctrl.obj
 0001:00029802       ___std_exception_copy      1002a802 f   libvcruntime:std_exception.obj
 0001:00029865       ___std_exception_destroy   1002a865 f   libvcruntime:std_exception.obj
 0001:00029884       __CxxThrowException@8      1002a884 f   libvcruntime:throw.obj
 0001:00029900       __local_unwind4            1002a900 f   libvcruntime:_exsup4_.obj
 0001:000299d6       __seh_longjmp_unwind4@4    1002a9d6 f   libvcruntime:_exsup4_.obj
 0001:000299fe       @_EH4_CallFilterFunc@8     1002a9fe f   libvcruntime:_exsup4_.obj
 0001:00029a15       @_EH4_TransferToHandler@8  1002aa15 f   libvcruntime:_exsup4_.obj
 0001:00029a2e       @_EH4_GlobalUnwind2@8      1002aa2e f   libvcruntime:_exsup4_.obj
 0001:00029a47       @_EH4_LocalUnwind@16       1002aa47 f   libvcruntime:_exsup4_.obj
 0001:00029a5e       ___vcrt_initialize_locks   1002aa5e f   libvcruntime:locks.obj
 0001:00029a9a       ___vcrt_uninitialize_locks 1002aa9a f   libvcruntime:locks.obj
 0001:00029bea       ___vcrt_FlsAlloc           1002abea f   libvcruntime:winapi_downlevel.obj
 0001:00029c24       ___vcrt_FlsFree            1002ac24 f   libvcruntime:winapi_downlevel.obj
 0001:00029c5e       ___vcrt_FlsGetValue        1002ac5e f   libvcruntime:winapi_downlevel.obj
 0001:00029c98       ___vcrt_FlsSetValue        1002ac98 f   libvcruntime:winapi_downlevel.obj
 0001:00029cd5       ___vcrt_InitializeCriticalSectionEx 1002acd5 f   libvcruntime:winapi_downlevel.obj
 0001:00029d1b       ___vcrt_initialize_winapi_thunks 1002ad1b f   libvcruntime:winapi_downlevel.obj
 0001:00029d55       ___vcrt_uninitialize_winapi_thunks 1002ad55 f   libvcruntime:winapi_downlevel.obj
 0001:00029d87       ___vcrt_initialize_pure_virtual_call_handler 1002ad87 f   libvcruntime:purevirt_data.obj
 0001:00029db0       __global_unwind2           1002adb0 f   libvcruntime:_exsup_.obj
 0001:00029e15       __local_unwind2            1002ae15 f   libvcruntime:_exsup_.obj
 0001:00029e99       __abnormal_termination     1002ae99 f   libvcruntime:_exsup_.obj
 0001:00029ebc       __NLG_Notify1              1002aebc f   libvcruntime:_exsup_.obj
 0001:00029ec5       __NLG_Notify               1002aec5 f   libvcruntime:_exsup_.obj
 0001:00029edc       __NLG_Dispatch             1002aedc     libvcruntime:_exsup_.obj
 0001:00029edc       __NLG_Dispatch2            1002aedc     libvcruntime:_exsup_.obj
 0001:00029ee4       __NLG_Call                 1002aee4 f   libvcruntime:_exsup_.obj
 0001:00029ee6       __NLG_Return2              1002aee6     libvcruntime:_exsup_.obj
 0001:00029ee7       __rt_probe_read4@4         1002aee7 f   libvcruntime:_sehsupp_.obj
 0001:00029f2b       __fclose_nolock            1002af2b f   libucrt:fclose.obj
 0001:00029fa1       _fclose                    1002afa1 f   libucrt:fclose.obj
 0001:0002a021       ??$?RV<lambda_db08b09ef7aa9d4f8620ce68402612bc>@@AAV<lambda_4f2c1eaeead2a5fc776db5b62ea0fb9b>@@V<lambda_3ae262bc35d4ba6a3825c4f6bcaaf95c>@@@?$__crt_seh_guarded_call@H@@QAEH$$QAV<lambda_db08b09ef7aa9d4f8620ce68402612bc>@@AAV<lambda_4f2c1eaeead2a5fc776db5b62ea0fb9b>@@$$QAV<lambda_3ae262bc35d4ba6a3825c4f6bcaaf95c>@@@Z 1002b021 f i libucrt:output.obj
 0001:0002a072       ??$__acrt_lock_stream_and_call@V<lambda_4f2c1eaeead2a5fc776db5b62ea0fb9b>@@@@YAHQAU_iobuf@@$$QAV<lambda_4f2c1eaeead2a5fc776db5b62ea0fb9b>@@@Z 1002b072 f i libucrt:output.obj
 0001:0002a216       ??$count@D@formatting_buffer@__crt_stdio_output@@QBEIXZ 1002b216 f i libucrt:output.obj
 0001:0002a22e       ??$ensure_buffer_is_big_enough@D@formatting_buffer@__crt_stdio_output@@QAE_NI@Z 1002b22e f i libucrt:output.obj
 0001:0002a2b4       ??$is_wide_character_specifier@D@__crt_stdio_output@@YA_N_KDW4length_modifier@0@@Z 1002b2b4 f i libucrt:output.obj
 0001:0002a2f4       ??$scratch_data@D@formatting_buffer@__crt_stdio_output@@QAEPADXZ 1002b2f4 f i libucrt:output.obj
 0001:0002a312       ??$type_case_integer_parse_into_buffer@I@?$output_processor@DV?$string_output_adapter@D@__crt_stdio_output@@V?$standard_base@DV?$string_output_adapter@D@__crt_stdio_output@@@2@@__crt_stdio_output@@AAEXII_N@Z 1002b312 f i libucrt:output.obj
 0001:0002a312       ??$type_case_integer_parse_into_buffer@I@?$output_processor@DV?$stream_output_adapter@D@__crt_stdio_output@@V?$standard_base@DV?$stream_output_adapter@D@__crt_stdio_output@@@2@@__crt_stdio_output@@AAEXII_N@Z 1002b312 f i libucrt:output.obj
 0001:0002a387       ??$type_case_integer_parse_into_buffer@_K@?$output_processor@DV?$string_output_adapter@D@__crt_stdio_output@@V?$standard_base@DV?$string_output_adapter@D@__crt_stdio_output@@@2@@__crt_stdio_output@@AAEX_KI_N@Z 1002b387 f i libucrt:output.obj
 0001:0002a387       ??$type_case_integer_parse_into_buffer@_K@?$output_processor@DV?$stream_output_adapter@D@__crt_stdio_output@@V?$standard_base@DV?$stream_output_adapter@D@__crt_stdio_output@@@2@@__crt_stdio_output@@AAEX_KI_N@Z 1002b387 f i libucrt:output.obj
 0001:0002a40f       ??$write_multiple_characters@V?$stream_output_adapter@D@__crt_stdio_output@@D@__crt_stdio_output@@YAXABV?$stream_output_adapter@D@0@DHQAH@Z 1002b40f f i libucrt:output.obj
 0001:0002a43b       ??$write_multiple_characters@V?$string_output_adapter@D@__crt_stdio_output@@D@__crt_stdio_output@@YAXABV?$string_output_adapter@D@0@DHQAH@Z 1002b43b f i libucrt:output.obj
 0001:0002a467       ??0?$common_data@D@__crt_stdio_output@@IAE@XZ 1002b467 f i libucrt:output.obj
 0001:0002a4ae       ??0?$output_adapter_data@DV?$string_output_adapter@D@__crt_stdio_output@@@__crt_stdio_output@@IAE@ABV?$string_output_adapter@D@1@_KQBDQAU__crt_locale_pointers@@QAD@Z 1002b4ae f i libucrt:output.obj
 0001:0002a4ae       ??0?$output_adapter_data@DV?$stream_output_adapter@D@__crt_stdio_output@@@__crt_stdio_output@@IAE@ABV?$stream_output_adapter@D@1@_KQBDQAU__crt_locale_pointers@@QAD@Z 1002b4ae f i libucrt:output.obj
 0001:0002a4ea       ??0?$output_processor@DV?$string_output_adapter@D@__crt_stdio_output@@V?$standard_base@DV?$string_output_adapter@D@__crt_stdio_output@@@2@@__crt_stdio_output@@QAE@ABV?$string_output_adapter@D@1@_KQBDQAU__crt_locale_pointers@@QAD@Z 1002b4ea f i libucrt:output.obj
 0001:0002a4ea       ??0?$output_processor@DV?$stream_output_adapter@D@__crt_stdio_output@@V?$standard_base@DV?$stream_output_adapter@D@__crt_stdio_output@@@2@@__crt_stdio_output@@QAE@ABV?$stream_output_adapter@D@1@_KQBDQAU__crt_locale_pointers@@QAD@Z 1002b4ea f i libucrt:output.obj
 0001:0002a51f       ??0_LocaleUpdate@@QAE@QAU__crt_locale_pointers@@@Z 1002b51f f i libucrt:output.obj
 0001:0002a5a2       ??1formatting_buffer@__crt_stdio_output@@QAE@XZ 1002b5a2 f i libucrt:output.obj
 0001:0002a5bc       ??4?$__crt_unique_heap_ptr@DU__crt_internal_free_policy@@@@QAEAAV0@$$QAV0@@Z 1002b5bc f i libucrt:output.obj
 0001:0002a69d       ?crop_zeroes@__crt_stdio_output@@YAXPADQAU__crt_locale_pointers@@@Z 1002b69d f i libucrt:output.obj
 0001:0002a6f4       ?find_next_state@?$output_processor@DV?$string_output_adapter@D@__crt_stdio_output@@V?$standard_base@DV?$string_output_adapter@D@__crt_stdio_output@@@2@@__crt_stdio_output@@ABE?AW4state@2@DW432@@Z 1002b6f4 f i libucrt:output.obj
 0001:0002a6f4       ?find_next_state@?$output_processor@DV?$stream_output_adapter@D@__crt_stdio_output@@V?$standard_base@DV?$stream_output_adapter@D@__crt_stdio_output@@@2@@__crt_stdio_output@@ABE?AW4state@2@DW432@@Z 1002b6f4 f i libucrt:output.obj
 0001:0002a726       ?force_decimal_point@__crt_stdio_output@@YAXPADQAU__crt_locale_pointers@@@Z 1002b726 f i libucrt:output.obj
 0001:0002a782       ?parse_int_from_format_string@?$output_processor@DV?$string_output_adapter@D@__crt_stdio_output@@V?$standard_base@DV?$string_output_adapter@D@__crt_stdio_output@@@2@@__crt_stdio_output@@AAE_NQAH@Z 1002b782 f i libucrt:output.obj
 0001:0002a782       ?parse_int_from_format_string@?$output_processor@DV?$stream_output_adapter@D@__crt_stdio_output@@V?$standard_base@DV?$stream_output_adapter@D@__crt_stdio_output@@@2@@__crt_stdio_output@@AAE_NQAH@Z 1002b782 f i libucrt:output.obj
 0001:0002a7de       ?process@?$output_processor@DV?$stream_output_adapter@D@__crt_stdio_output@@V?$standard_base@DV?$stream_output_adapter@D@__crt_stdio_output@@@2@@__crt_stdio_output@@QAEHXZ 1002b7de f i libucrt:output.obj
 0001:0002a8fa       ?process@?$output_processor@DV?$string_output_adapter@D@__crt_stdio_output@@V?$standard_base@DV?$string_output_adapter@D@__crt_stdio_output@@@2@@__crt_stdio_output@@QAEHXZ 1002b8fa f i libucrt:output.obj
 0001:0002aa16       ?state_case_flag@?$output_processor@DV?$string_output_adapter@D@__crt_stdio_output@@V?$standard_base@DV?$string_output_adapter@D@__crt_stdio_output@@@2@@__crt_stdio_output@@AAE_NXZ 1002ba16 f i libucrt:output.obj
 0001:0002aa16       ?state_case_flag@?$output_processor@DV?$stream_output_adapter@D@__crt_stdio_output@@V?$standard_base@DV?$stream_output_adapter@D@__crt_stdio_output@@@2@@__crt_stdio_output@@AAE_NXZ 1002ba16 f i libucrt:output.obj
 0001:0002aa53       ?state_case_normal@?$output_processor@DV?$stream_output_adapter@D@__crt_stdio_output@@V?$standard_base@DV?$stream_output_adapter@D@__crt_stdio_output@@@2@@__crt_stdio_output@@AAE_NXZ 1002ba53 f i libucrt:output.obj
 0001:0002aa72       ?state_case_normal@?$output_processor@DV?$string_output_adapter@D@__crt_stdio_output@@V?$standard_base@DV?$string_output_adapter@D@__crt_stdio_output@@@2@@__crt_stdio_output@@AAE_NXZ 1002ba72 f i libucrt:output.obj
 0001:0002aa91       ?state_case_normal_common@?$output_processor@DV?$stream_output_adapter@D@__crt_stdio_output@@V?$standard_base@DV?$stream_output_adapter@D@__crt_stdio_output@@@2@@__crt_stdio_output@@AAE_NXZ 1002ba91 f i libucrt:output.obj
 0001:0002aabb       ?state_case_normal_common@?$output_processor@DV?$string_output_adapter@D@__crt_stdio_output@@V?$standard_base@DV?$string_output_adapter@D@__crt_stdio_output@@@2@@__crt_stdio_output@@AAE_NXZ 1002babb f i libucrt:output.obj
 0001:0002aae5       ?state_case_normal_tchar@?$output_processor@DV?$stream_output_adapter@D@__crt_stdio_output@@V?$standard_base@DV?$stream_output_adapter@D@__crt_stdio_output@@@2@@__crt_stdio_output@@AAE_ND@Z 1002bae5 f i libucrt:output.obj
 0001:0002ab46       ?state_case_normal_tchar@?$output_processor@DV?$string_output_adapter@D@__crt_stdio_output@@V?$standard_base@DV?$string_output_adapter@D@__crt_stdio_output@@@2@@__crt_stdio_output@@AAE_ND@Z 1002bb46 f i libucrt:output.obj
 0001:0002aba7       ?state_case_precision@?$output_processor@DV?$stream_output_adapter@D@__crt_stdio_output@@V?$standard_base@DV?$stream_output_adapter@D@__crt_stdio_output@@@2@@__crt_stdio_output@@AAE_NXZ 1002bba7 f i libucrt:output.obj
 0001:0002aba7       ?state_case_precision@?$output_processor@DV?$string_output_adapter@D@__crt_stdio_output@@V?$standard_base@DV?$string_output_adapter@D@__crt_stdio_output@@@2@@__crt_stdio_output@@AAE_NXZ 1002bba7 f i libucrt:output.obj
 0001:0002abcf       ?state_case_size@?$output_processor@DV?$stream_output_adapter@D@__crt_stdio_output@@V?$standard_base@DV?$stream_output_adapter@D@__crt_stdio_output@@@2@@__crt_stdio_output@@AAE_NXZ 1002bbcf f i libucrt:output.obj
 0001:0002ad38       ?state_case_size@?$output_processor@DV?$string_output_adapter@D@__crt_stdio_output@@V?$standard_base@DV?$string_output_adapter@D@__crt_stdio_output@@@2@@__crt_stdio_output@@AAE_NXZ 1002bd38 f i libucrt:output.obj
 0001:0002aea1       ?state_case_type@?$output_processor@DV?$stream_output_adapter@D@__crt_stdio_output@@V?$standard_base@DV?$stream_output_adapter@D@__crt_stdio_output@@@2@@__crt_stdio_output@@AAE_NXZ 1002bea1 f i libucrt:output.obj
 0001:0002b0d0       ?state_case_type@?$output_processor@DV?$string_output_adapter@D@__crt_stdio_output@@V?$standard_base@DV?$string_output_adapter@D@__crt_stdio_output@@@2@@__crt_stdio_output@@AAE_NXZ 1002c0d0 f i libucrt:output.obj
 0001:0002b2ff       ?state_case_width@?$output_processor@DV?$stream_output_adapter@D@__crt_stdio_output@@V?$standard_base@DV?$stream_output_adapter@D@__crt_stdio_output@@@2@@__crt_stdio_output@@AAE_NXZ 1002c2ff f i libucrt:output.obj
 0001:0002b2ff       ?state_case_width@?$output_processor@DV?$string_output_adapter@D@__crt_stdio_output@@V?$standard_base@DV?$string_output_adapter@D@__crt_stdio_output@@@2@@__crt_stdio_output@@AAE_NXZ 1002c2ff f i libucrt:output.obj
 0001:0002b32a       ?to_integer_size@__crt_stdio_output@@YAIW4length_modifier@1@@Z 1002c32a f i libucrt:output.obj
 0001:0002b386       ?type_case_Z@?$output_processor@DV?$stream_output_adapter@D@__crt_stdio_output@@V?$standard_base@DV?$stream_output_adapter@D@__crt_stdio_output@@@2@@__crt_stdio_output@@AAE_NXZ 1002c386 f i libucrt:output.obj
 0001:0002b386       ?type_case_Z@?$output_processor@DV?$string_output_adapter@D@__crt_stdio_output@@V?$standard_base@DV?$string_output_adapter@D@__crt_stdio_output@@@2@@__crt_stdio_output@@AAE_NXZ 1002c386 f i libucrt:output.obj
 0001:0002b3e9       ?type_case_a@?$output_processor@DV?$string_output_adapter@D@__crt_stdio_output@@V?$standard_base@DV?$string_output_adapter@D@__crt_stdio_output@@@2@@__crt_stdio_output@@AAE_NXZ 1002c3e9 f i libucrt:output.obj
 0001:0002b3e9       ?type_case_a@?$output_processor@DV?$stream_output_adapter@D@__crt_stdio_output@@V?$standard_base@DV?$stream_output_adapter@D@__crt_stdio_output@@@2@@__crt_stdio_output@@AAE_NXZ 1002c3e9 f i libucrt:output.obj
 0001:0002b543       ?type_case_c_tchar@?$output_processor@DV?$stream_output_adapter@D@__crt_stdio_output@@V?$standard_base@DV?$stream_output_adapter@D@__crt_stdio_output@@@2@@__crt_stdio_output@@AAE_ND@Z 1002c543 f i libucrt:output.obj
 0001:0002b543       ?type_case_c_tchar@?$output_processor@DV?$string_output_adapter@D@__crt_stdio_output@@V?$standard_base@DV?$string_output_adapter@D@__crt_stdio_output@@@2@@__crt_stdio_output@@AAE_ND@Z 1002c543 f i libucrt:output.obj
 0001:0002b5d3       ?type_case_integer@?$output_processor@DV?$stream_output_adapter@D@__crt_stdio_output@@V?$standard_base@DV?$stream_output_adapter@D@__crt_stdio_output@@@2@@__crt_stdio_output@@AAE_NI_N@Z 1002c5d3 f i libucrt:output.obj
 0001:0002b5d3       ?type_case_integer@?$output_processor@DV?$string_output_adapter@D@__crt_stdio_output@@V?$standard_base@DV?$string_output_adapter@D@__crt_stdio_output@@@2@@__crt_stdio_output@@AAE_NI_N@Z 1002c5d3 f i libucrt:output.obj
 0001:0002b71d       ?type_case_n@?$output_processor@DV?$stream_output_adapter@D@__crt_stdio_output@@V?$standard_base@DV?$stream_output_adapter@D@__crt_stdio_output@@@2@@__crt_stdio_output@@AAE_NXZ 1002c71d f i libucrt:output.obj
 0001:0002b71d       ?type_case_n@?$output_processor@DV?$string_output_adapter@D@__crt_stdio_output@@V?$standard_base@DV?$string_output_adapter@D@__crt_stdio_output@@@2@@__crt_stdio_output@@AAE_NXZ 1002c71d f i libucrt:output.obj
 0001:0002b791       ?type_case_o@?$output_processor@DV?$stream_output_adapter@D@__crt_stdio_output@@V?$standard_base@DV?$stream_output_adapter@D@__crt_stdio_output@@@2@@__crt_stdio_output@@AAE_NXZ 1002c791 f i libucrt:output.obj
 0001:0002b791       ?type_case_o@?$output_processor@DV?$string_output_adapter@D@__crt_stdio_output@@V?$standard_base@DV?$string_output_adapter@D@__crt_stdio_output@@@2@@__crt_stdio_output@@AAE_NXZ 1002c791 f i libucrt:output.obj
 0001:0002b7b0       ?type_case_p@?$output_processor@DV?$stream_output_adapter@D@__crt_stdio_output@@V?$standard_base@DV?$stream_output_adapter@D@__crt_stdio_output@@@2@@__crt_stdio_output@@AAE_NXZ 1002c7b0 f i libucrt:output.obj
 0001:0002b7b0       ?type_case_p@?$output_processor@DV?$string_output_adapter@D@__crt_stdio_output@@V?$standard_base@DV?$string_output_adapter@D@__crt_stdio_output@@@2@@__crt_stdio_output@@AAE_NXZ 1002c7b0 f i libucrt:output.obj
 0001:0002b7c8       ?type_case_s@?$output_processor@DV?$string_output_adapter@D@__crt_stdio_output@@V?$standard_base@DV?$string_output_adapter@D@__crt_stdio_output@@@2@@__crt_stdio_output@@AAE_NXZ 1002c7c8 f i libucrt:output.obj
 0001:0002b7c8       ?type_case_s@?$output_processor@DV?$stream_output_adapter@D@__crt_stdio_output@@V?$standard_base@DV?$stream_output_adapter@D@__crt_stdio_output@@@2@@__crt_stdio_output@@AAE_NXZ 1002c7c8 f i libucrt:output.obj
 0001:0002b83b       ?validate@?$stream_output_adapter@D@__crt_stdio_output@@QBE_NXZ 1002c83b f i libucrt:output.obj
 0001:0002b85c       ?validate@?$string_output_adapter@D@__crt_stdio_output@@QBE_NXZ 1002c85c f i libucrt:output.obj
 0001:0002b85c       ?validate@?$c_string_character_source@D@__crt_strtox@@QBE_NXZ 1002c85c f i libucrt:atox.obj
 0001:0002b877       ?validate_stream_is_ansi_if_required@?$__acrt_stdio_char_traits@D@@SA_NQAU_iobuf@@@Z 1002c877 f i libucrt:output.obj
 0001:0002b8f9       ?write_character@?$stream_output_adapter@D@__crt_stdio_output@@QBEXDQAH@Z 1002c8f9 f i libucrt:output.obj
 0001:0002b936       ?write_character@?$string_output_adapter@D@__crt_stdio_output@@QBE_NDQAH@Z 1002c936 f i libucrt:output.obj
 0001:0002b978       ?write_stored_string_tchar@?$output_processor@DV?$stream_output_adapter@D@__crt_stdio_output@@V?$standard_base@DV?$stream_output_adapter@D@__crt_stdio_output@@@2@@__crt_stdio_output@@AAE_ND@Z 1002c978 f i libucrt:output.obj
 0001:0002ba1f       ?write_stored_string_tchar@?$output_processor@DV?$string_output_adapter@D@__crt_stdio_output@@V?$standard_base@DV?$string_output_adapter@D@__crt_stdio_output@@@2@@__crt_stdio_output@@AAE_ND@Z 1002ca1f f i libucrt:output.obj
 0001:0002bac6       ?write_string@?$stream_output_adapter@D@__crt_stdio_output@@QBEXQBDHQAH1@Z 1002cac6 f i libucrt:output.obj
 0001:0002bb50       ?write_string@?$string_output_adapter@D@__crt_stdio_output@@QBEXQBDHQAH1@Z 1002cb50 f i libucrt:output.obj
 0001:0002bbe3       ___stdio_common_vfprintf   1002cbe3 f   libucrt:output.obj
 0001:0002bc5a       ___stdio_common_vsprintf   1002cc5a f   libucrt:output.obj
 0001:0002bc7e       ___acrt_errno_from_os_error 1002cc7e f   libucrt:errno.obj
 0001:0002bcc1       ___acrt_errno_map_os_error 1002ccc1 f   libucrt:errno.obj
 0001:0002bce4       ___doserrno                1002cce4 f   libucrt:errno.obj
 0001:0002bcf7       __errno                    1002ccf7 f   libucrt:errno.obj
 0001:0002bd0a       _free                      1002cd0a f   libucrt:free.obj
 0001:0002bd0f       _malloc                    1002cd0f f   libucrt:malloc.obj
 0001:0002bd1a       ___acrt_initialize_stdio   1002cd1a f   libucrt:_file.obj
 0001:0002bde2       ___acrt_iob_func           1002cde2 f   libucrt:_file.obj
 0001:0002bdf2       ___acrt_uninitialize_stdio 1002cdf2 f   libucrt:_file.obj
 0001:0002be3e       __lock_file                1002ce3e f   libucrt:_file.obj
 0001:0002be52       __unlock_file              1002ce52 f   libucrt:_file.obj
 0001:0002be66       __chvalidchk_l             1002ce66 f i libucrt:_ctype.obj
 0001:0002be90       __ischartype_l             1002ce90 f i libucrt:_ctype.obj
 0001:0002bec3       __isdigit_l                1002cec3 f i libucrt:_ctype.obj
 0001:0002befb       __isspace_l                1002cefb f i libucrt:_ctype.obj
 0001:0002bf33       _isdigit                   1002cf33 f i libucrt:_ctype.obj
 0001:0002bf60       _isspace                   1002cf60 f i libucrt:_ctype.obj
 0001:0002c0f4       __tolower_l                1002d0f4 f   libucrt:tolower_toupper.obj
 0001:0002c10e       _tolower                   1002d10e f   libucrt:tolower_toupper.obj
 0001:0002c13e       ___acrt_stdio_flush_nolock 1002d13e f   libucrt:fflush.obj
 0001:0002c1a4       __fflush_nolock            1002d1a4 f   libucrt:fflush.obj
 0001:0002c1eb       __flushall                 1002d1eb f   libucrt:fflush.obj
 0001:0002c4e7       ___acrt_initialize_thread_local_exit_callback 1002d4e7 f   libucrt:exit.obj
 0001:0002c4f6       __cexit                    1002d4f6 f   libucrt:exit.obj
 0001:0002c505       __exit                     1002d505 f   libucrt:exit.obj
 0001:0002c51b       __is_c_termination_complete 1002d51b f   libucrt:exit.obj
 0001:0002c521       _exit                      1002d521 f   libucrt:exit.obj
 0001:0002c537       ??$assemble_floating_point_ind@N@__crt_strtox@@YAXAAN@Z 1002d537 f i libucrt:input.obj
 0001:0002c566       ??$assemble_floating_point_infinity@N@__crt_strtox@@YAX_NAAN@Z 1002d566 f i libucrt:input.obj
 0001:0002c5a5       ??$assemble_floating_point_qnan@N@__crt_strtox@@YAX_NAAN@Z 1002d5a5 f i libucrt:input.obj
 0001:0002c5e4       ??$assemble_floating_point_snan@N@__crt_strtox@@YAX_NAAN@Z 1002d5e4 f i libucrt:input.obj
 0001:0002c628       ??$assemble_floating_point_value_t@M@__crt_strtox@@YA?AW4SLD_STATUS@@_NH_KAAM@Z 1002d628 f i libucrt:input.obj
 0001:0002c658       ??$assemble_floating_point_value_t@N@__crt_strtox@@YA?AW4SLD_STATUS@@_NH_KAAN@Z 1002d658 f i libucrt:input.obj
 0001:0002c6b7       ??$assemble_floating_point_zero@N@__crt_strtox@@YAX_NAAN@Z 1002d6b7 f i libucrt:input.obj
 0001:0002c7b5       ??$convert_decimal_string_to_floating_type@M@__crt_strtox@@YA?AW4SLD_STATUS@@ABUfloating_point_string@0@AAM@Z 1002d7b5 f i libucrt:input.obj
 0001:0002c7d8       ??$convert_decimal_string_to_floating_type@N@__crt_strtox@@YA?AW4SLD_STATUS@@ABUfloating_point_string@0@AAN@Z 1002d7d8 f i libucrt:input.obj
 0001:0002c7fb       ??$convert_hexadecimal_string_to_floating_type@M@__crt_strtox@@YA?AW4SLD_STATUS@@ABUfloating_point_string@0@AAM@Z 1002d7fb f i libucrt:input.obj
 0001:0002c81e       ??$convert_hexadecimal_string_to_floating_type@N@__crt_strtox@@YA?AW4SLD_STATUS@@ABUfloating_point_string@0@AAN@Z 1002d81e f i libucrt:input.obj
 0001:0002c841       ??$is_overflow_condition@_K@__crt_strtox@@YA_NI_K@Z 1002d841 f i libucrt:input.obj
 0001:0002c884       ??$make_input_adapter_character_source@V?$string_input_adapter@D@__crt_stdio_input@@@__crt_strtox@@YA?AV?$input_adapter_character_source@V?$string_input_adapter@D@__crt_stdio_input@@@0@QAV?$string_input_adapter@D@__crt_stdio_input@@_KQA_N@Z 1002d884 f i libucrt:input.obj
 0001:0002c8a2       ??$parse_floating_point@V?$input_adapter_character_source@V?$string_input_adapter@D@__crt_stdio_input@@@__crt_strtox@@M@__crt_strtox@@YA?AW4SLD_STATUS@@QAU__crt_locale_pointers@@V?$input_adapter_character_source@V?$string_input_adapter@D@__crt_stdio_input@@@0@QAM@Z 1002d8a2 f i libucrt:input.obj
 0001:0002c91d       ??$parse_floating_point@V?$input_adapter_character_source@V?$string_input_adapter@D@__crt_stdio_input@@@__crt_strtox@@N@__crt_strtox@@YA?AW4SLD_STATUS@@QAU__crt_locale_pointers@@V?$input_adapter_character_source@V?$string_input_adapter@D@__crt_stdio_input@@@0@QAN@Z 1002d91d f i libucrt:input.obj
 0001:0002c998       ??$parse_floating_point_from_source@V?$input_adapter_character_source@V?$string_input_adapter@D@__crt_stdio_input@@@__crt_strtox@@@__crt_strtox@@YA?AW4floating_point_parse_result@0@QAU__crt_locale_pointers@@AAV?$input_adapter_character_source@V?$string_input_adapter@D@__crt_stdio_input@@@0@AAUfloating_point_string@0@@Z 1002d998 f i libucrt:input.obj
 0001:0002cdff       ??$parse_floating_point_possible_infinity@DV?$input_adapter_character_source@V?$string_input_adapter@D@__crt_stdio_input@@@__crt_strtox@@_K@__crt_strtox@@YA?AW4floating_point_parse_result@0@AADAAV?$input_adapter_character_source@V?$string_input_adapter@D@__crt_stdio_input@@@0@_K@Z 1002ddff f i libucrt:input.obj
 0001:0002cec0       ??$parse_floating_point_possible_nan@DV?$input_adapter_character_source@V?$string_input_adapter@D@__crt_stdio_input@@@__crt_strtox@@_K@__crt_strtox@@YA?AW4floating_point_parse_result@0@AADAAV?$input_adapter_character_source@V?$string_input_adapter@D@__crt_stdio_input@@@0@_K@Z 1002dec0 f i libucrt:input.obj
 0001:0002cfd2       ??$parse_floating_point_possible_nan_is_ind@DV?$input_adapter_character_source@V?$string_input_adapter@D@__crt_stdio_input@@@__crt_strtox@@@__crt_strtox@@YA_NAADAAV?$input_adapter_character_source@V?$string_input_adapter@D@__crt_stdio_input@@@0@@Z 1002dfd2 f i libucrt:input.obj
 0001:0002d00c       ??$parse_floating_point_possible_nan_is_snan@DV?$input_adapter_character_source@V?$string_input_adapter@D@__crt_stdio_input@@@__crt_strtox@@@__crt_strtox@@YA_NAADAAV?$input_adapter_character_source@V?$string_input_adapter@D@__crt_stdio_input@@@0@@Z 1002e00c f i libucrt:input.obj
 0001:0002d046       ??$parse_floating_point_write_result@M@__crt_strtox@@YA?AW4SLD_STATUS@@W4floating_point_parse_result@0@ABUfloating_point_string@0@QAM@Z 1002e046 f i libucrt:input.obj
 0001:0002d156       ??$parse_floating_point_write_result@N@__crt_strtox@@YA?AW4SLD_STATUS@@W4floating_point_parse_result@0@ABUfloating_point_string@0@QAN@Z 1002e156 f i libucrt:input.obj
 0001:0002d25a       ??$parse_integer@_KV?$input_adapter_character_source@V?$string_input_adapter@D@__crt_stdio_input@@@__crt_strtox@@@__crt_strtox@@YA_KQAU__crt_locale_pointers@@V?$input_adapter_character_source@V?$string_input_adapter@D@__crt_stdio_input@@@0@H_N@Z 1002e25a f i libucrt:input.obj
 0001:0002d50b       ??$process_floating_point_specifier_t@M@?$input_processor@DV?$string_input_adapter@D@__crt_stdio_input@@@__crt_stdio_input@@AAE_NXZ 1002e50b f i libucrt:input.obj
 0001:0002d573       ??$process_floating_point_specifier_t@N@?$input_processor@DV?$string_input_adapter@D@__crt_stdio_input@@@__crt_stdio_input@@AAE_NXZ 1002e573 f i libucrt:input.obj
 0001:0002d5db       ??$process_string_specifier_tchar@D@?$input_processor@DV?$string_input_adapter@D@__crt_stdio_input@@@__crt_stdio_input@@AAE_NW4conversion_mode@1@D@Z 1002e5db f i libucrt:input.obj
 0001:0002d73d       ??$process_string_specifier_tchar@_W@?$input_processor@DV?$string_input_adapter@D@__crt_stdio_input@@@__crt_stdio_input@@AAE_NW4conversion_mode@1@_W@Z 1002e73d f i libucrt:input.obj
 0001:0002d8a9       ??$skip_whitespace@Vstring_input_adapter@__crt_stdio_input@@D@__crt_stdio_input@@YAHAAV?$string_input_adapter@D@0@QAU__crt_locale_pointers@@@Z 1002e8a9 f i libucrt:input.obj
 0001:0002d8d8       ??$write_floating_point@M@?$input_processor@DV?$string_input_adapter@D@__crt_stdio_input@@@__crt_stdio_input@@AAE_NABM@Z 1002e8d8 f i libucrt:input.obj
 0001:0002d90f       ??$write_floating_point@N@?$input_processor@DV?$string_input_adapter@D@__crt_stdio_input@@@__crt_stdio_input@@AAE_NABN@Z 1002e90f f i libucrt:input.obj
 0001:0002d94c       ??0?$format_string_parser@D@__crt_stdio_input@@QAE@_KQBE@Z 1002e94c f i libucrt:input.obj
 0001:0002d996       ??0?$input_adapter_character_source@V?$string_input_adapter@D@__crt_stdio_input@@@__crt_strtox@@QAE@QAV?$string_input_adapter@D@__crt_stdio_input@@_KQA_N@Z 1002e996 f i libucrt:input.obj
 0001:0002d9c7       ??0?$input_processor@DV?$string_input_adapter@D@__crt_stdio_input@@@__crt_stdio_input@@QAE@ABV?$string_input_adapter@D@1@_KQBDQAU__crt_locale_pointers@@QAD@Z 1002e9c7 f i libucrt:input.obj
 0001:0002da39       ?advance@?$format_string_parser@D@__crt_stdio_input@@QAE_NXZ 1002ea39 f i libucrt:input.obj
 0001:0002db59       ?as_double@floating_point_value@__crt_strtox@@QBEAANXZ 1002eb59 f i libucrt:input.obj
 0001:0002db7e       ?as_float@floating_point_value@__crt_strtox@@QBEAAMXZ 1002eb7e f i libucrt:input.obj
 0001:0002dba3       ?assemble_floating_point_infinity@__crt_strtox@@YAX_NABVfloating_point_value@1@@Z 1002eba3 f i libucrt:input.obj
 0001:0002dbdd       ?assemble_floating_point_value@__crt_strtox@@YA?AW4SLD_STATUS@@_KH_N1ABVfloating_point_value@1@@Z 1002ebdd f i libucrt:input.obj
 0001:0002df29       ?assemble_floating_point_value_from_big_integer@__crt_strtox@@YA?AW4SLD_STATUS@@ABUbig_integer@1@I_N1ABVfloating_point_value@1@@Z 1002ef29 f i libucrt:input.obj
 0001:0002e0b7       ?assemble_floating_point_zero@__crt_strtox@@YAX_NABVfloating_point_value@1@@Z 1002f0b7 f i libucrt:input.obj
 0001:0002e0eb       ?convert_decimal_string_to_floating_type_common@__crt_strtox@@YA?AW4SLD_STATUS@@ABUfloating_point_string@1@ABVfloating_point_value@1@@Z 1002f0eb f i libucrt:input.obj
 0001:0002feae       ?convert_hexadecimal_string_to_floating_type_common@__crt_strtox@@YA?AW4SLD_STATUS@@ABUfloating_point_string@1@ABVfloating_point_value@1@@Z 10030eae f i libucrt:input.obj
 0001:0002ff5a       ?denormal_mantissa_mask@floating_point_value@__crt_strtox@@QBE_KXZ 10030f5a f i libucrt:input.obj
 0001:0002ff80       ?divide@__crt_strtox@@YA_KAAUbig_integer@1@ABU21@@Z 10030f80 f i libucrt:input.obj
 0001:0003042e       ?get@?$input_adapter_character_source@V?$string_input_adapter@D@__crt_stdio_input@@@__crt_strtox@@QAEDXZ 1003142e f i libucrt:input.obj
 0001:00030468       ?get@?$string_input_adapter@D@__crt_stdio_input@@QAEHXZ 10031468 f i libucrt:input.obj
 0001:0003047e       ?invert@?$scanset_buffer@E@__crt_stdio_input@@QAEXXZ 1003147e f i libucrt:input.obj
 0001:0003049c       ?is_character_allowed_in_string@?$input_processor@DV?$string_input_adapter@D@__crt_stdio_input@@@__crt_stdio_input@@ABE_NW4conversion_mode@2@H@Z 1003149c f i libucrt:input.obj
 0001:000304e2       ?length@?$format_string_parser@D@__crt_stdio_input@@QBEIXZ 100314e2 f i libucrt:input.obj
 0001:00030523       ?normal_mantissa_mask@floating_point_value@__crt_strtox@@QBE_KXZ 10031523 f i libucrt:input.obj
 0001:0003053a       ?process@?$input_processor@DV?$string_input_adapter@D@__crt_stdio_input@@@__crt_stdio_input@@QAEHXZ 1003153a f i libucrt:input.obj
 0001:000305bf       ?process_character_count_specifier@?$input_processor@DV?$string_input_adapter@D@__crt_stdio_input@@@__crt_stdio_input@@AAE_NXZ 100315bf f i libucrt:input.obj
 0001:000305d9       ?process_conversion_specifier@?$input_processor@DV?$string_input_adapter@D@__crt_stdio_input@@@__crt_stdio_input@@AAE_NXZ 100315d9 f i libucrt:input.obj
 0001:0003064d       ?process_floating_point_specifier@?$input_processor@DV?$string_input_adapter@D@__crt_stdio_input@@@__crt_stdio_input@@AAE_NXZ 1003164d f i libucrt:input.obj
 0001:0003067d       ?process_integer_specifier@?$input_processor@DV?$string_input_adapter@D@__crt_stdio_input@@@__crt_stdio_input@@AAE_NI_N@Z 1003167d f i libucrt:input.obj
 0001:000306e3       ?process_literal_character@?$input_processor@DV?$string_input_adapter@D@__crt_stdio_input@@@__crt_stdio_input@@AAE_NXZ 100316e3 f i libucrt:input.obj
 0001:00030719       ?process_literal_character_tchar@?$input_processor@DV?$string_input_adapter@D@__crt_stdio_input@@@__crt_stdio_input@@AAE_ND@Z 10031719 f i libucrt:input.obj
 0001:0003076f       ?process_state@?$input_processor@DV?$string_input_adapter@D@__crt_stdio_input@@@__crt_stdio_input@@AAE_NXZ 1003176f f i libucrt:input.obj
 0001:000307a5       ?process_string_specifier@?$input_processor@DV?$string_input_adapter@D@__crt_stdio_input@@@__crt_stdio_input@@AAE_NW4conversion_mode@2@@Z 100317a5 f i libucrt:input.obj
 0001:000307ed       ?process_whitespace@?$input_processor@DV?$string_input_adapter@D@__crt_stdio_input@@@__crt_stdio_input@@AAE_NXZ 100317ed f i libucrt:input.obj
 0001:0003080a       ?restore_state@?$input_adapter_character_source@V?$string_input_adapter@D@__crt_stdio_input@@@__crt_strtox@@QAE_N_K@Z 1003180a f i libucrt:input.obj
 0001:0003082f       ?scan_conversion_specifier@?$format_string_parser@D@__crt_stdio_input@@AAE_NXZ 1003182f f i libucrt:input.obj
 0001:0003099a       ?scan_optional_field_width@?$format_string_parser@D@__crt_stdio_input@@AAE_NXZ 1003199a f i libucrt:input.obj
 0001:00030a39       ?scan_optional_length_modifier@?$format_string_parser@D@__crt_stdio_input@@AAEXXZ 10031a39 f i libucrt:input.obj
 0001:00030b59       ?scan_optional_literal_character_trail_bytes_tchar@?$format_string_parser@D@__crt_stdio_input@@AAE_ND@Z 10031b59 f i libucrt:input.obj
 0001:00030bae       ?scan_optional_wide_modifier@?$format_string_parser@D@__crt_stdio_input@@AAEXXZ 10031bae f i libucrt:input.obj
 0001:00030bcc       ?scan_scanset_range@?$format_string_parser@D@__crt_stdio_input@@AAE_NXZ 10031bcc f i libucrt:input.obj
 0001:00030cd3       ?set@?$scanset_buffer@E@__crt_stdio_input@@QAEXE@Z 10031cd3 f i libucrt:input.obj
 0001:00030cfe       ?set_wide_for_c_s_or_scanset@?$format_string_parser@D@__crt_stdio_input@@AAEXXZ 10031cfe f i libucrt:input.obj
 0001:00030d1e       ?test@?$scanset_buffer@E@__crt_stdio_input@@QBE_NE@Z 10031d1e f i libucrt:input.obj
 0001:00030d4f       ?to_floating_point_length@__crt_stdio_input@@YAIW4length_modifier@1@@Z 10031d4f f i libucrt:input.obj
 0001:00030d72       ?to_integer_length@__crt_stdio_input@@YAIW4length_modifier@1@@Z 10031d72 f i libucrt:input.obj
 0001:00030dca       ?unget@?$input_adapter_character_source@V?$string_input_adapter@D@__crt_stdio_input@@@__crt_strtox@@QAEXD@Z 10031dca f i libucrt:input.obj
 0001:00030e0b       ?unget@?$string_input_adapter@D@__crt_stdio_input@@QAEXH@Z 10031e0b f i libucrt:input.obj
 0001:00030e2a       ?validate@?$format_string_parser@D@__crt_stdio_input@@QBE_NXZ 10031e2a f i libucrt:input.obj
 0001:00030e46       ?validate@?$input_adapter_character_source@V?$string_input_adapter@D@__crt_stdio_input@@@__crt_strtox@@QBE_NXZ 10031e46 f i libucrt:input.obj
 0001:00030e67       ?validate@?$string_input_adapter@D@__crt_stdio_input@@QAE_NXZ 10031e67 f i libucrt:input.obj
 0001:00030e89       ?write_character@?$input_processor@DV?$string_input_adapter@D@__crt_stdio_input@@@__crt_stdio_input@@AAE_NQA_WIAAPA_WAAID@Z 10031e89 f i libucrt:input.obj
 0001:00030efa       ?write_integer@?$input_processor@DV?$string_input_adapter@D@__crt_stdio_input@@@__crt_stdio_input@@AAE_N_K_N@Z 10031efa f i libucrt:input.obj
 0001:00030f71       ___stdio_common_vsscanf    10031f71 f   libucrt:input.obj
 0001:00031085       _getenv                    10032085 f   libucrt:getenv.obj
 0001:00031090       __fputc_nolock             10032090 f   libucrt:fputc.obj
 0001:000310b9       __initterm                 100320b9 f   libucrt:initterm.obj
 0001:00031115       __initterm_e               10032115 f   libucrt:initterm.obj
 0001:0003115a       __seh_filter_dll           1003215a f   libucrt:exception_filter.obj
 0001:0003117a       __seh_filter_exe           1003217a f   libucrt:exception_filter.obj
 0001:00031586       ___acrt_allocate_buffer_for_argv 10032586 f   libucrt:argv_parsing.obj
 0001:000315db       __configure_narrow_argv    100325db f   libucrt:argv_parsing.obj
 0001:000317ed       ??$uninitialize@A6AXAAPAPA_W@Z@?$dual_state_global@PAPA_W@__crt_state_management@@QAEXA6AXAAPAPA_W@Z@Z 100327ed f i libucrt:environment_initialization.obj
 0001:000317ed       ??$uninitialize@A6AXAAPAPAD@Z@?$dual_state_global@PAPAD@__crt_state_management@@QAEXA6AXAAPAPAD@Z@Z 100327ed f i libucrt:environment_initialization.obj
 0001:00031863       ___dcrt_get_or_create_narrow_environment_nolock 10032863 f   libucrt:environment_initialization.obj
 0001:00031868       ___dcrt_uninitialize_environments_nolock 10032868 f   libucrt:environment_initialization.obj
 0001:0003189f       __initialize_narrow_environment 1003289f f   libucrt:environment_initialization.obj
 0001:000318a4       ??$?RV<lambda_800076c951b434888f4765a74a194fcc>@@AAV<lambda_4e60a939b0d047cfe11ddc22648dfba9>@@V<lambda_6dbb1268764f43b569ce7b67e331d33a>@@@?$__crt_seh_guarded_call@H@@QAEH$$QAV<lambda_800076c951b434888f4765a74a194fcc>@@AAV<lambda_4e60a939b0d047cfe11ddc22648dfba9>@@$$QAV<lambda_6dbb1268764f43b569ce7b67e331d33a>@@@Z 100328a4 f i libucrt:onexit.obj
 0001:000318f5       ??$?RV<lambda_995298e7d72eb4c2aab26c0585b3abe5>@@AAV<lambda_275893d493268fdec8709772e3fcec0e>@@V<lambda_293819299cbf9a7022e18b56a874bb5c>@@@?$__crt_seh_guarded_call@H@@QAEH$$QAV<lambda_995298e7d72eb4c2aab26c0585b3abe5>@@AAV<lambda_275893d493268fdec8709772e3fcec0e>@@$$QAV<lambda_293819299cbf9a7022e18b56a874bb5c>@@@Z 100328f5 f i libucrt:onexit.obj
 0001:00031946       ??$__acrt_lock_and_call@V<lambda_275893d493268fdec8709772e3fcec0e>@@@@YAHW4__acrt_lock_id@@$$QAV<lambda_275893d493268fdec8709772e3fcec0e>@@@Z 10032946 f i libucrt:onexit.obj
 0001:0003196e       ??$__acrt_lock_and_call@V<lambda_4e60a939b0d047cfe11ddc22648dfba9>@@@@YAHW4__acrt_lock_id@@$$QAV<lambda_4e60a939b0d047cfe11ddc22648dfba9>@@@Z 1003296e f i libucrt:onexit.obj
 0001:00031996       ??$__crt_fast_encode_pointer@P6AHXZ@@YAP6AHXZQ6AHXZ@Z 10032996 f i libucrt:onexit.obj
 0001:00031c16       __crt_atexit               10032c16 f   libucrt:onexit.obj
 0001:00031c2c       __execute_onexit_table     10032c2c f   libucrt:onexit.obj
 0001:00031c49       __initialize_onexit_table  10032c49 f   libucrt:onexit.obj
 0001:00031c86       __register_onexit_function 10032c86 f   libucrt:onexit.obj
 0001:00031d9b       ___acrt_initialize         10032d9b f   libucrt:initialization.obj
 0001:00031dad       ___acrt_thread_attach      10032dad f   libucrt:initialization.obj
 0001:00031db8       ___acrt_thread_detach      10032db8 f   libucrt:initialization.obj
 0001:00031dc0       ___acrt_uninitialize       10032dc0 f   libucrt:initialization.obj
 0001:00031dd2       ___acrt_uninitialize_critical 10032dd2 f   libucrt:initialization.obj
 0001:00031de4       _terminate                 10032de4 f   libucrt:terminate.obj
 0001:00031e20       __free_base                10032e20 f   libucrt:free_base.obj
 0001:00031e5a       __malloc_base              10032e5a f   libucrt:malloc_base.obj
 0001:00031ea8       _strcpy_s                  10032ea8 f   libucrt:strcpy_s.obj
 0001:00031f02       _abort                     10032f02 f   libucrt:abort.obj
 0001:00031f45       __calloc_base              10032f45 f   libucrt:calloc_base.obj
 0001:00031fa2       ??$is_overflow_condition@K@__crt_strtox@@YA_NIK@Z 10032fa2 f i libucrt:atox.obj
 0001:00031fd5       ??$parse_integer@KV?$c_string_character_source@D@__crt_strtox@@@__crt_strtox@@YAKQAU__crt_locale_pointers@@V?$c_string_character_source@D@0@H_N@Z 10032fd5 f i libucrt:atox.obj
 0001:000321fd       ??$parse_integer@_KV?$c_string_character_source@D@__crt_strtox@@@__crt_strtox@@YA_KQAU__crt_locale_pointers@@V?$c_string_character_source@D@0@H_N@Z 100331fd f i libucrt:atox.obj
 0001:000324a3       ?unget@?$c_string_character_source@D@__crt_strtox@@QAEXD@Z 100334a3 f i libucrt:atox.obj
 0001:000324cb       ___acrt_call_reportfault   100334cb f   libucrt:invalid_parameter.obj
 0001:00032606       ___acrt_initialize_invalid_parameter_handler 10033606 f   libucrt:invalid_parameter.obj
 0001:0003261a       __invalid_parameter        1003361a f   libucrt:invalid_parameter.obj
 0001:00032695       __invalid_parameter_noinfo 10033695 f   libucrt:invalid_parameter.obj
 0001:000326a5       __invoke_watson            100336a5 f   libucrt:invalid_parameter.obj
 0001:000326d8       ?__acrt_stdio_free_stream@@YAXV__crt_stdio_stream@@@Z 100336d8 f   libucrt:stream.obj
 0001:00032713       ??$?RV<lambda_123407a5e2ac06da108355a851863b7a>@@AAV<lambda_2fe9b910cf3cbf4a0ab98a02ba45b3ec>@@V<lambda_ae55bdf541ad94d75914d381c370e64d>@@@?$__crt_seh_guarded_call@H@@QAEH$$QAV<lambda_123407a5e2ac06da108355a851863b7a>@@AAV<lambda_2fe9b910cf3cbf4a0ab98a02ba45b3ec>@@$$QAV<lambda_ae55bdf541ad94d75914d381c370e64d>@@@Z 10033713 f i libucrt:close.obj
 0001:00032795       ??$__acrt_lowio_lock_fh_and_call@V<lambda_2fe9b910cf3cbf4a0ab98a02ba45b3ec>@@@@YAHH$$QAV<lambda_2fe9b910cf3cbf4a0ab98a02ba45b3ec>@@@Z 10033795 f i libucrt:close.obj
 0001:000327bd       __close                    100337bd f   libucrt:close.obj
 0001:0003283c       __close_nolock             1003383c f   libucrt:close.obj
 0001:000328d8       __fileno                   100338d8 f   libucrt:fileno.obj
 0001:000328fe       ___acrt_stdio_free_buffer_nolock 100338fe f   libucrt:_freebuf.obj
 0001:00032aa8       ___acrt_initialize_lowio   10033aa8 f   libucrt:ioinit.obj
 0001:00032afe       ___acrt_uninitialize_lowio 10033afe f   libucrt:ioinit.obj
 0001:00032b2a       ??$make_c_string_character_source@DPAPAD@__crt_strtox@@YA?AV?$c_string_character_source@D@0@QBDQAPAD@Z 10033b2a f i libucrt:strtox.obj
 0001:00032b45       _strtol                    10033b45 f   libucrt:strtox.obj
 0001:00032b71       _strtoull                  10033b71 f   libucrt:strtox.obj
 0001:00032b9d       __mbtowc_l                 10033b9d f   libucrt:mbtowc.obj
 0001:00032c97       _mbtowc                    10033c97 f   libucrt:mbtowc.obj
 0001:00032cb1       __wctomb_s_l               10033cb1 f   libucrt:wctomb.obj
 0001:00032dd2       _wctomb_s                  10033dd2 f   libucrt:wctomb.obj
 0001:00032def       _strnlen                   10033def f   libucrt:strnlen.obj
 0001:00032f16       _wcsnlen                   10033f16 f   libucrt:strnlen.obj
 0001:000330cd       ??$?RV<lambda_3518db117f0e7cdb002338c5d3c47b6c>@@AAV<lambda_b2ea41f6bbb362cd97d94c6828d90b61>@@V<lambda_abdedf541bb04549bc734292b4a045d4>@@@?$__crt_seh_guarded_call@X@@QAEX$$QAV<lambda_3518db117f0e7cdb002338c5d3c47b6c>@@AAV<lambda_b2ea41f6bbb362cd97d94c6828d90b61>@@$$QAV<lambda_abdedf541bb04549bc734292b4a045d4>@@@Z 100340cd f i libucrt:per_thread_data.obj
 0001:0003311d       ??$?RV<lambda_51b6e8b1eb166f2a3faf91f424b38130>@@AAV<lambda_6250bd4b2a391816dd638c3bf72b0bcb>@@V<lambda_0b5a4a3e68152e1d9b943535f5f47bed>@@@?$__crt_seh_guarded_call@X@@QAEX$$QAV<lambda_51b6e8b1eb166f2a3faf91f424b38130>@@AAV<lambda_6250bd4b2a391816dd638c3bf72b0bcb>@@$$QAV<lambda_0b5a4a3e68152e1d9b943535f5f47bed>@@@Z 1003411d f i libucrt:per_thread_data.obj
 0001:0003317e       ??$?RV<lambda_5b71d36f03204c0beab531769a5b5694>@@AAV<lambda_be2b3da3f62db62e9dad5dc70221a656>@@V<lambda_8f9ce462984622f9bf76b59e2aaaf805>@@@?$__crt_seh_guarded_call@X@@QAEX$$QAV<lambda_5b71d36f03204c0beab531769a5b5694>@@AAV<lambda_be2b3da3f62db62e9dad5dc70221a656>@@$$QAV<lambda_8f9ce462984622f9bf76b59e2aaaf805>@@@Z 1003417e f i libucrt:per_thread_data.obj
 0001:000331c9       ??$?RV<lambda_9df27f884b057bc3edfc946cb5b7cf47>@@AAV<lambda_e69574bed617af4e071282c136b37893>@@V<lambda_cc0d902bcbbeb830f749456577db4721>@@@?$__crt_seh_guarded_call@X@@QAEX$$QAV<lambda_9df27f884b057bc3edfc946cb5b7cf47>@@AAV<lambda_e69574bed617af4e071282c136b37893>@@$$QAV<lambda_cc0d902bcbbeb830f749456577db4721>@@@Z 100341c9 f i libucrt:per_thread_data.obj
 0001:00033211       ??$__acrt_lock_and_call@V<lambda_6250bd4b2a391816dd638c3bf72b0bcb>@@@@YAXW4__acrt_lock_id@@$$QAV<lambda_6250bd4b2a391816dd638c3bf72b0bcb>@@@Z 10034211 f i libucrt:per_thread_data.obj
 0001:00033239       ??$__acrt_lock_and_call@V<lambda_b2ea41f6bbb362cd97d94c6828d90b61>@@@@YAXW4__acrt_lock_id@@$$QAV<lambda_b2ea41f6bbb362cd97d94c6828d90b61>@@@Z 10034239 f i libucrt:per_thread_data.obj
 0001:00033261       ??$__acrt_lock_and_call@V<lambda_be2b3da3f62db62e9dad5dc70221a656>@@@@YAXW4__acrt_lock_id@@$$QAV<lambda_be2b3da3f62db62e9dad5dc70221a656>@@@Z 10034261 f i libucrt:per_thread_data.obj
 0001:00033289       ??$__acrt_lock_and_call@V<lambda_e69574bed617af4e071282c136b37893>@@@@YAXW4__acrt_lock_id@@$$QAV<lambda_e69574bed617af4e071282c136b37893>@@@Z 10034289 f i libucrt:per_thread_data.obj
 0001:0003343f       ___acrt_freeptd            1003443f f   libucrt:per_thread_data.obj
 0001:0003346b       ___acrt_getptd             1003446b f   libucrt:per_thread_data.obj
 0001:000334ef       ___acrt_getptd_noexit      100344ef f   libucrt:per_thread_data.obj
 0001:00033574       ___acrt_initialize_ptd     10034574 f   libucrt:per_thread_data.obj
 0001:000335a0       ___acrt_uninitialize_ptd   100345a0 f   libucrt:per_thread_data.obj
 0001:000335ba       ___acrt_update_locale_info 100345ba f   libucrt:locale_update.obj
 0001:000335e7       ___acrt_update_multibyte_info 100345e7 f   libucrt:locale_update.obj
 0001:00033614       ?__acrt_fp_classify@@YA?AW4__acrt_fp_class@@ABN@Z 10034614 f i libucrt:cvt.obj
 0001:00033680       ?__acrt_fp_is_negative@@YA_NABN@Z 10034680 f i libucrt:cvt.obj
 0001:00033edf       ___acrt_fp_format          10034edf f   libucrt:cvt.obj
 0001:00034029       __get_printf_count_output  10035029 f   libucrt:printf_count_output.obj
 0001:0003403e       ___acrt_stdio_begin_temporary_buffering_nolock 1003503e f   libucrt:_sftbuf.obj
 0001:000340f3       ___acrt_stdio_end_temporary_buffering_nolock 100350f3 f   libucrt:_sftbuf.obj
 0001:0003412c       ___acrt_set_locale_changed 1003512c f   libucrt:wsetlocale.obj
 0001:00034137       ___acrt_uninitialize_locale 10035137 f   libucrt:wsetlocale.obj
 0001:00034189       ___acrt_stdio_allocate_buffer_nolock 10035189 f   libucrt:_getbuf.obj
 0001:00034297       _strncpy_s                 10035297 f   libucrt:strncpy_s.obj
 0001:000343d3       ___acrt_CompareStringEx@36 100353d3 f   libucrt:winapi_thunks.obj
 0001:00034447       ___acrt_FlsAlloc@4         10035447 f   libucrt:winapi_thunks.obj
 0001:0003449d       ___acrt_FlsFree@4          1003549d f   libucrt:winapi_thunks.obj
 0001:000344f3       ___acrt_FlsGetValue@4      100354f3 f   libucrt:winapi_thunks.obj
 0001:00034549       ___acrt_FlsSetValue@8      10035549 f   libucrt:winapi_thunks.obj
 0001:000345a2       ___acrt_InitializeCriticalSectionEx@12 100355a2 f   libucrt:winapi_thunks.obj
 0001:00034604       ___acrt_LCMapStringEx@36   10035604 f   libucrt:winapi_thunks.obj
 0001:0003468c       ___acrt_LocaleNameToLCID@8 1003568c f   libucrt:winapi_thunks.obj
 0001:000346e8       ___acrt_initialize_winapi_thunks 100356e8 f   libucrt:winapi_thunks.obj
 0001:0003470e       ___acrt_is_packaged_app    1003570e f   libucrt:winapi_thunks.obj
 0001:00034795       ___acrt_uninitialize_winapi_thunks 10035795 f   libucrt:winapi_thunks.obj
 0001:000347cb       __fcloseall                100357cb f   libucrt:closeall.obj
 0001:0003486b       ___pctype_func             1003586b f   libucrt:ctype.obj
 0001:00034891       __isctype_l                10035891 f   libucrt:isctype.obj
 0001:00034963       __isleadbyte_l             10035963 f i libucrt:_wctype.obj
 0001:00034bb9       ___acrt_LCMapStringA       10035bb9 f   libucrt:lcmapstringa.obj
 0001:00034c04       __freea_crt                10035c04 f i libucrt:lcmapstringa.obj
 0001:00034c24       ___acrt_initialize_locks   10035c24 f   libucrt:locks.obj
 0001:00034c65       ___acrt_lock               10035c65 f   libucrt:locks.obj
 0001:00034c7c       ___acrt_uninitialize_locks 10035c7c f   libucrt:locks.obj
 0001:00034cad       ___acrt_unlock             10035cad f   libucrt:locks.obj
 0001:00034cc4       ??$?RV<lambda_61cee617f5178ae960314fd4d05640a0>@@AAV<lambda_6978c1fb23f02e42e1d9e99668cc68aa>@@V<lambda_9cd88cf8ad10232537feb2133f08c833>@@@?$__crt_seh_guarded_call@H@@QAEH$$QAV<lambda_61cee617f5178ae960314fd4d05640a0>@@AAV<lambda_6978c1fb23f02e42e1d9e99668cc68aa>@@$$QAV<lambda_9cd88cf8ad10232537feb2133f08c833>@@@Z 10035cc4 f i libucrt:commit.obj
 0001:00034d5c       ??$__acrt_lowio_lock_fh_and_call@V<lambda_6978c1fb23f02e42e1d9e99668cc68aa>@@@@YAHH$$QAV<lambda_6978c1fb23f02e42e1d9e99668cc68aa>@@@Z 10035d5c f i libucrt:commit.obj
 0001:00034d84       __commit                   10035d84 f   libucrt:commit.obj
 0001:00035383       __write                    10036383 f   libucrt:write.obj
 0001:0003546e       __write_nolock             1003646e f   libucrt:write.obj
 0001:00035857       ___acrt_stdio_flush_and_write_narrow_nolock 10036857 f   libucrt:_flsbuf.obj
 0001:00035862       _fegetround                10036862 f   libucrt:fegetround.obj
 0001:0003586d       __strnicoll                1003686d f   libucrt:strnicol.obj
 0001:00035896       __strnicoll_l              10036896 f   libucrt:strnicol.obj
 0001:00035d22       ??1?$argument_list@D@?A0xb0e4b824@@QAE@XZ 10036d22 f i libucrt:argv_wildcards.obj
 0001:00035d47       ?append@?$argument_list@D@?A0xb0e4b824@@QAEHQAD@Z 10036d47 f i libucrt:argv_wildcards.obj
 0001:00035d7c       ?expand_if_necessary@?$argument_list@D@?A0xb0e4b824@@AAEHXZ 10036d7c f i libucrt:argv_wildcards.obj
 0001:00035e03       ___acrt_expand_narrow_argv_wildcards 10036e03 f   libucrt:argv_wildcards.obj
 0001:00035e0e       ??$?RV<lambda_978dc153c237d78434369da87b74ff60>@@AAV<lambda_ad1ced32f4ac17aa236e5ef05d6b3b7c>@@V<lambda_4a8533e2866a575feecb8298ce776b0d>@@@?$__crt_seh_guarded_call@X@@QAEX$$QAV<lambda_978dc153c237d78434369da87b74ff60>@@AAV<lambda_ad1ced32f4ac17aa236e5ef05d6b3b7c>@@$$QAV<lambda_4a8533e2866a575feecb8298ce776b0d>@@@Z 10036e0e f i libucrt:mbctype.obj
 0001:00035e51       ??$__acrt_lock_and_call@V<lambda_ad1ced32f4ac17aa236e5ef05d6b3b7c>@@@@YAXW4__acrt_lock_id@@$$QAV<lambda_ad1ced32f4ac17aa236e5ef05d6b3b7c>@@@Z 10036e51 f i libucrt:mbctype.obj
 0001:000362e8       ___acrt_initialize_multibyte 100372e8 f   libucrt:mbctype.obj
 0001:00036306       ___acrt_update_thread_multibyte_data 10037306 f   libucrt:mbctype.obj
 0001:000363a8       __setmbcp_nolock           100373a8 f   libucrt:mbctype.obj
 0001:00036673       __ismbblead                10037673 f   libucrt:ismbbyte.obj
 0001:0003668b       ___acrt_initialize_command_line 1003768b f   libucrt:argv_data.obj
 0001:000366a4       ___acrt_uninitialize_command_line 100376a4 f   libucrt:argv_data.obj
 0001:000366de       ___dcrt_get_narrow_environment_from_os 100376de f   libucrt:get_environment_from_os.obj
 0001:00036aa1       ___dcrt_set_variable_in_narrow_environment_nolock 10037aa1 f   libucrt:setenv.obj
 0001:00036aac       __recalloc                 10037aac f   libucrt:recalloc.obj
 0001:00036ab7       __recalloc_base            10037ab7 f   libucrt:recalloc.obj
 0001:00036b24       ___acrt_initialize_heap    10037b24 f   libucrt:heap_handle.obj
 0001:00036b35       ___acrt_uninitialize_heap  10037b35 f   libucrt:heap_handle.obj
 0001:00036b3f       ___acrt_execute_initializers 10037b3f f   libucrt:shared_initialization.obj
 0001:00036bc2       ___acrt_execute_uninitializers 10037bc2 f   libucrt:shared_initialization.obj
 0001:00036c0f       ___acrt_initialize_new_handler 10037c0f f   libucrt:new_handler.obj
 0001:00036c23       __callnewh                 10037c23 f   libucrt:new_handler.obj
 0001:00036c67       __query_new_handler        10037c67 f   libucrt:new_handler.obj
 0001:00036cb9       ??$?RV<lambda_a048d3beccc847880fc8490e18b82769>@@AAV<lambda_ec61778202f4f5fc7e7711acc23c3bca>@@V<lambda_f7496a158712204296dd6628a163878e>@@@?$__crt_seh_guarded_call@P6AXH@Z@@QAEP6AXH@Z$$QAV<lambda_a048d3beccc847880fc8490e18b82769>@@AAV<lambda_ec61778202f4f5fc7e7711acc23c3bca>@@$$QAV<lambda_f7496a158712204296dd6628a163878e>@@@Z 10037cb9 f i libucrt:signal.obj
 0001:00036d13       ??$__acrt_lock_and_call@V<lambda_ec61778202f4f5fc7e7711acc23c3bca>@@@@YAP6AXH@ZW4__acrt_lock_id@@$$QAV<lambda_ec61778202f4f5fc7e7711acc23c3bca>@@@Z 10037d13 f i libucrt:signal.obj
 0001:00036d7d       ?initialize@?$dual_state_global@P6AXPB_W00II@Z@__crt_state_management@@QAEXQ6AXPB_W00II@Z@Z 10037d7d f i libucrt:invalid_parameter.obj
 0001:00036d7d       ?initialize@?$dual_state_global@P6AXH@Z@__crt_state_management@@QAEXQ6AXH@Z@Z 10037d7d f i libucrt:signal.obj
 0001:00036d7d       ?initialize@?$dual_state_global@P6AHI@Z@__crt_state_management@@QAEXQ6AHI@Z@Z 10037d7d f i libucrt:new_handler.obj
 0001:00036d7d       ?initialize@?$dual_state_global@PAPAD@__crt_state_management@@QAEXQAPAD@Z 10037d7d f i libucrt:environment_initialization.obj
 0001:00036d7d       ?initialize@?$dual_state_global@P6AHPAU_exception@@@Z@__crt_state_management@@QAEXQ6AHPAU_exception@@@Z@Z 10037d7d f i libucrt:matherr.obj
 0001:00036d7d       ?initialize@?$dual_state_global@PAU__crt_locale_data@@@__crt_state_management@@QAEXQAU__crt_locale_data@@@Z 10037d7d f i libucrt:initialization.obj
 0001:00036dd6       ___acrt_get_sigabrt_handler 10037dd6 f   libucrt:signal.obj
 0001:00036ded       ___acrt_initialize_signal_handlers 10037ded f   libucrt:signal.obj
 0001:00036e28       ___fpecode                 10037e28 f   libucrt:signal.obj
 0001:00036e31       _raise                     10037e31 f   libucrt:signal.obj
 0001:00037039       ___acrt_has_user_matherr   10038039 f   libucrt:matherr.obj
 0001:00037052       ___acrt_initialize_user_matherr 10038052 f   libucrt:matherr.obj
 0001:00037066       ___acrt_invoke_user_matherr 10038066 f   libucrt:matherr.obj
 0001:000370af       __query_new_mode           100380af f   libucrt:new_mode.obj
 0001:000370c0       _strncmp                   100380c0 f   libucrt:strncmp.obj
 0001:00037138       __strnicmp                 10038138 f   libucrt:strnicmp.obj
 0001:000371a4       __strnicmp_l               100381a4 f   libucrt:strnicmp.obj
 0001:0003725b       ___acrt_lowio_create_handle_array 1003825b f   libucrt:osfinfo.obj
 0001:000372d5       ___acrt_lowio_destroy_handle_array 100382d5 f   libucrt:osfinfo.obj
 0001:0003730a       ___acrt_lowio_ensure_fh_exists 1003830a f   libucrt:osfinfo.obj
 0001:000373a2       ___acrt_lowio_lock_fh      100383a2 f   libucrt:osfinfo.obj
 0001:000373c5       ___acrt_lowio_unlock_fh    100383c5 f   libucrt:osfinfo.obj
 0001:000373e8       __free_osfhnd              100383e8 f   libucrt:osfinfo.obj
 0001:00037479       __get_osfhandle            10038479 f   libucrt:osfinfo.obj
 0001:000374e3       ___acrt_add_locale_ref     100384e3 f   libucrt:locale_refcounting.obj
 0001:00037560       ___acrt_free_locale        10038560 f   libucrt:locale_refcounting.obj
 0001:000376aa       ___acrt_locale_add_lc_time_reference 100386aa f   libucrt:locale_refcounting.obj
 0001:000376d3       ___acrt_locale_free_lc_time_if_unreferenced 100386d3 f   libucrt:locale_refcounting.obj
 0001:00037703       ___acrt_locale_release_lc_time_reference 10038703 f   libucrt:locale_refcounting.obj
 0001:0003772c       ___acrt_release_locale_ref 1003872c f   libucrt:locale_refcounting.obj
 0001:000377ad       ___acrt_update_thread_locale_data 100387ad f   libucrt:locale_refcounting.obj
 0001:00037824       __updatetlocinfoEx_nolock  10038824 f   libucrt:locale_refcounting.obj
 0001:00037874       ___acrt_fp_strflt_to_string 10038874 f   libucrt:_fptostr.obj
 0001:00037930       ??0scoped_fp_state_reset@?A0x48fbfdd4@@QAE@XZ 10038930 f i libucrt:cfout.obj
 0001:0003795a       ___acrt_fltout             1003895a f   libucrt:cfout.obj
 0001:00038cf6       __isatty                   10039cf6 f   libucrt:isatty.obj
 0001:00038d4c       ___acrt_locale_free_monetary 10039d4c f   libucrt:initmon.obj
 0001:00038e4a       ___acrt_locale_free_numeric 10039e4a f   libucrt:initnum.obj
 0001:00038eef       ___acrt_locale_free_time   10039eef f   libucrt:inittime.obj
 0001:00038fd3       ___acrt_GetStringTypeA     10039fd3 f   libucrt:getstringtypea.obj
 0001:000391ac       ___acrt_DownlevelLocaleNameToLCID 1003a1ac f   libucrt:lcidtoname_downlevel.obj
 0001:000391d8       ___strncnt                 1003a1d8 f   libucrt:strncnt.obj
 0001:00039377       __lseeki64                 1003a377 f   libucrt:lseek.obj
 0001:00039392       __lseeki64_nolock          1003a392 f   libucrt:lseek.obj
 0001:000393ad       __putwch_nolock            1003a3ad f   libucrt:putwch.obj
 0001:00039695       __getfpcontrolword         1003a695 f   libucrt:_fenvutils.obj
 0001:000396d8       __getfpstatusword          1003a6d8 f   libucrt:_fenvutils.obj
 0001:00039780       __setfpcontrolword         1003a780 f   libucrt:_fenvutils.obj
 0001:00039800       __setfpstatusword          1003a800 f   libucrt:_fenvutils.obj
[...]
 0002:000052e0       place_L                    100432e0     libucrt:log10_pentium4.obj
 0002:00005300       One                        10043300     libucrt:log10_pentium4.obj
 0002:00005310       Zero                       10043310     libucrt:log10_pentium4.obj
 0002:00005320       Two52                      10043320     libucrt:log10_pentium4.obj
 0002:00005330       Infs                       10043330     libucrt:log10_pentium4.obj
 0002:00005340       NaN                        10043340     libucrt:log10_pentium4.obj
 0002:00005350       coeff                      10043350     libucrt:log10_pentium4.obj
 0002:000053ae       _log2max                   100433ae     libucrt:87tran.obj
 0002:000053b8       _smallarg                  100433b8     libucrt:87tran.obj
 0002:000053c2       _half                      100433c2     libucrt:87tran.obj
 0002:0000540e       One                        1004340e     libucrt:87disp.obj
 0002:00005416       Three                      10043416     libucrt:87disp.obj
 0002:0000541e       XAMtoTagTab                1004341e     libucrt:87disp.obj
 0002:00005430       One                        10043430     libucrt:common.obj
 0002:00005444       DblMax                     10043444     libucrt:common.obj
 0002:0000544c       DblMin                     1004344c     libucrt:common.obj
 0002:00005454       IeeeAdjO                   10043454     libucrt:common.obj
 0002:0000545c       IeeeAdjU                   1004345c     libucrt:common.obj
 0002:00005464       _infinity                  10043464     libucrt:common.obj
 0002:0000546c       _zero                      1004346c     libucrt:common.obj
 0002:000054a0       _over                      100434a0     libucrt:fpctrl.obj
 0002:000054ac       _under                     100434ac     libucrt:fpctrl.obj
 0002:00005d78       ?_names@?1??_get_fname@@9@9 10043d78     libucrt:fpexcept.obj
 0002:00005e90       _tjPixelSize               10043e90     bmp.obj
 0002:00005ebc       _tjBlueOffset              10043ebc     bmp.obj
 0002:00005ee8       _tjRedOffset               10043ee8     bmp.obj
 0002:00005f14       _tjGreenOffset             10043f14     bmp.obj
 0002:00006108       ?aanscalefactor@?N@??start_pass_fdctmgr@@9@9 10044108     jcdctmgr.obj
 0002:00006148       ?aanscales@?8??start_pass_fdctmgr@@9@9 10044148     jcdctmgr.obj
 0002:000061c8       ?bits_ac_chrominance@?1??std_huff_tables@@9@9 100441c8     jcparam.obj
 0002:000061e0       _std_luminance_quant_tbl   100441e0     jcparam.obj
 0002:000062e0       ?bits_dc_chrominance@?1??std_huff_tables@@9@9 100442e0     jcparam.obj
 0002:000062f4       ?val_dc_chrominance@?1??std_huff_tables@@9@9 100442f4     jcparam.obj
 0002:00006300       ?val_dc_luminance@?1??std_huff_tables@@9@9 10044300     jcparam.obj
 0002:0000630c       ?bits_ac_luminance@?1??std_huff_tables@@9@9 1004430c     jcparam.obj
 0002:00006320       _std_chrominance_quant_tbl 10044320     jcparam.obj
 0002:00006420       ?val_ac_chrominance@?1??std_huff_tables@@9@9 10044420     jcparam.obj
 0002:000064c4       ?bits_dc_luminance@?1??std_huff_tables@@9@9 100444c4     jcparam.obj
 0002:000064d8       ?val_ac_luminance@?1??std_huff_tables@@9@9 100444d8     jcparam.obj
 0002:0000657c       ?mybuffer@?1??fill_mem_input_buffer@@9@9 1004457c     jdatasrc-tj.obj
 0002:00006580       ?mybuffer@?1??fill_mem_input_buffer@@9@9 10044580     jdatasrc.obj
 0002:00006584       _c_scales                  10044584     jquant2.obj
 0002:00006590       _rgb_pixelsize             10044590     jdcolor.obj
 0002:000065d0       _rgb_green                 100445d0     jdcolor.obj
 0002:00006610       _rgb_red                   10044610     jdcolor.obj
 0002:00006650       _rgb_blue                  10044650     jdcolor.obj
 0002:00006690       ?aanscalefactor@?O@??start_pass@@9@9 10044690     jddctmgr.obj
 0002:000066d0       ?aanscales@?L@??start_pass@@9@9 100446d0     jddctmgr.obj
 0002:00006750       _rgb_pixelsize             10044750     jdmaster.obj
 0002:00006790       _extend_offset             10044790     jdphuff.obj
 0002:000067d0       _extend_test               100447d0     jdphuff.obj
 0002:00006a10       _first_pool_slop           10044a10     jmemmgr.obj
 0002:00006a18       _extra_pool_slop           10044a18     jmemmgr.obj
 0002:00006a20       _rgb_green                 10044a20     jquant1.obj
 0002:00006a60       _rgb_red                   10044a60     jquant1.obj
 0002:00006aa0       _rgb_blue                  10044aa0     jquant1.obj
 0002:00006ae0       _base_dither_matrix        10044ae0     jquant1.obj
 0002:00006be0       _rgb_green                 10044be0     jquant2.obj
 0002:00006c20       _rgb_red                   10044c20     jquant2.obj
 0002:00006c60       _rgb_blue                  10044c60     jquant2.obj
 0002:00006de0       _c5to8bits                 10044de0     rdtarga.obj
 0002:00006e00       _tjPixelSize               10044e00     turbojpeg.obj
 0002:00006e2c       _pixelsize                 10044e2c     turbojpeg.obj
 0002:00006e40       _tjMCUHeight               10044e40     turbojpeg.obj
 0002:00006e54       _tjMCUWidth                10044e54     turbojpeg.obj
 0002:00006e68       _sf                        10044e68     turbojpeg.obj
 0002:00008908       __ehfuncinfo$??1CMJPG_Decoder@@QAE@XZ 10046908     MJPG_Decoder.obj
 0002:00008930       __sehtable$?dllmain_crt_process_attach@@YAHQAUHINSTANCE__@@QAX@Z 10046930     LIBCMT:dll_dllmain.obj
 0002:00008950       __sehtable$?dllmain_crt_process_detach@@YAH_N@Z 10046950     LIBCMT:dll_dllmain.obj
 0002:00008970       __sehtable$?dllmain_dispatch@@YAHQAUHINSTANCE__@@KQAX@Z 10046970     LIBCMT:dll_dllmain.obj
 0002:00008990       __sehtable$___scrt_is_nonwritable_in_current_image 10046990     LIBCMT:utility.obj
 0002:000089b0       __sehtable$___FrameUnwindToState 100469b0     libvcruntime:frame.obj
 0002:000089d8       __sehtable$?CallCatchBlock@@YAPAXPAUEHExceptionRecord@@PAUEHRegistrationNode@@PAU_CONTEXT@@PBU_s_FuncInfo@@PAXHK@Z 100469d8     libvcruntime:frame.obj
 0002:00008a00       __sehtable$___BuildCatchObject 10046a00     libvcruntime:frame.obj
 0002:00008a20       __sehtable$___DestructExceptionObject 10046a20     libvcruntime:frame.obj
 0002:00008a3c       __catchsym$?CallUnexpected@@YAXPBU_s_ESTypeList@@@Z$2 10046a3c     libvcruntime:frame.obj
 0002:00008a4c       __unwindtable$?CallUnexpected@@YAXPBU_s_ESTypeList@@@Z 10046a4c     libvcruntime:frame.obj
 0002:00008a5c       __tryblocktable$?CallUnexpected@@YAXPBU_s_ESTypeList@@@Z 10046a5c     libvcruntime:frame.obj
 0002:00008a70       __ehfuncinfo$?CallUnexpected@@YAXPBU_s_ESTypeList@@@Z 10046a70     libvcruntime:frame.obj
 0002:00008a98       __sehtable$___BuildCatchObjectHelper 10046a98     libvcruntime:frame.obj
 0002:00008b08       __sehtable$__rt_probe_read4@4 10046b08     libvcruntime:_sehsupp_.obj
 0002:00008b28       __sehtable$_fclose         10046b28     libucrt:fclose.obj
 0002:00008b48       __sehtable$??$?RV<lambda_db08b09ef7aa9d4f8620ce68402612bc>@@AAV<lambda_4f2c1eaeead2a5fc776db5b62ea0fb9b>@@V<lambda_3ae262bc35d4ba6a3825c4f6bcaaf95c>@@@?$__crt_seh_guarded_call@H@@QAEH$$QAV<lambda_db08b09ef7aa9d4f8620ce68402612bc>@@AAV<lambda_4f2c1eaeead2a5fc776db5b62ea0fb9b>@@$$QAV<lambda_3ae262bc35d4ba6a3825c4f6bcaaf95c>@@@Z 10046b48     libucrt:output.obj
 0002:00008b68       __sehtable$_common_flush_all 10046b68     libucrt:fflush.obj
 0002:00008b90       __sehtable$?common_exit@@YAXHW4_crt_exit_cleanup_mode@@W4_crt_exit_return_mode@@@Z 10046b90     libucrt:exit.obj
 0002:00008bb8       __sehtable$??$common_getenv@D@@YAPADQBD@Z 10046bb8     libucrt:getenv.obj
 0002:00008bd8       __sehtable$??$?RV<lambda_800076c951b434888f4765a74a194fcc>@@AAV<lambda_4e60a939b0d047cfe11ddc22648dfba9>@@V<lambda_6dbb1268764f43b569ce7b67e331d33a>@@@?$__crt_seh_guarded_call@H@@QAEH$$QAV<lambda_800076c951b434888f4765a74a194fcc>@@AAV<lambda_4e60a939b0d047cfe11ddc22648dfba9>@@$$QAV<lambda_6dbb1268764f43b569ce7b67e331d33a>@@@Z 10046bd8     libucrt:onexit.obj
 0002:00008bf8       __sehtable$??$?RV<lambda_995298e7d72eb4c2aab26c0585b3abe5>@@AAV<lambda_275893d493268fdec8709772e3fcec0e>@@V<lambda_293819299cbf9a7022e18b56a874bb5c>@@@?$__crt_seh_guarded_call@H@@QAEH$$QAV<lambda_995298e7d72eb4c2aab26c0585b3abe5>@@AAV<lambda_275893d493268fdec8709772e3fcec0e>@@$$QAV<lambda_293819299cbf9a7022e18b56a874bb5c>@@@Z 10046bf8     libucrt:onexit.obj
 0002:00008c18       __sehtable$_terminate      10046c18     libucrt:terminate.obj
 0002:00008c38       __sehtable$??$?RV<lambda_123407a5e2ac06da108355a851863b7a>@@AAV<lambda_2fe9b910cf3cbf4a0ab98a02ba45b3ec>@@V<lambda_ae55bdf541ad94d75914d381c370e64d>@@@?$__crt_seh_guarded_call@H@@QAEH$$QAV<lambda_123407a5e2ac06da108355a851863b7a>@@AAV<lambda_2fe9b910cf3cbf4a0ab98a02ba45b3ec>@@$$QAV<lambda_ae55bdf541ad94d75914d381c370e64d>@@@Z 10046c38     libucrt:close.obj
 0002:00008c58       __sehtable$___acrt_initialize_lowio 10046c58     libucrt:ioinit.obj
 0002:00008c78       __sehtable$??$?RV<lambda_9df27f884b057bc3edfc946cb5b7cf47>@@AAV<lambda_e69574bed617af4e071282c136b37893>@@V<lambda_cc0d902bcbbeb830f749456577db4721>@@@?$__crt_seh_guarded_call@X@@QAEX$$QAV<lambda_9df27f884b057bc3edfc946cb5b7cf47>@@AAV<lambda_e69574bed617af4e071282c136b37893>@@$$QAV<lambda_cc0d902bcbbeb830f749456577db4721>@@@Z 10046c78     libucrt:per_thread_data.obj
 0002:00008c98       __sehtable$??$?RV<lambda_3518db117f0e7cdb002338c5d3c47b6c>@@AAV<lambda_b2ea41f6bbb362cd97d94c6828d90b61>@@V<lambda_abdedf541bb04549bc734292b4a045d4>@@@?$__crt_seh_guarded_call@X@@QAEX$$QAV<lambda_3518db117f0e7cdb002338c5d3c47b6c>@@AAV<lambda_b2ea41f6bbb362cd97d94c6828d90b61>@@$$QAV<lambda_abdedf541bb04549bc734292b4a045d4>@@@Z 10046c98     libucrt:per_thread_data.obj
 0002:00008cb8       __sehtable$??$?RV<lambda_51b6e8b1eb166f2a3faf91f424b38130>@@AAV<lambda_6250bd4b2a391816dd638c3bf72b0bcb>@@V<lambda_0b5a4a3e68152e1d9b943535f5f47bed>@@@?$__crt_seh_guarded_call@X@@QAEX$$QAV<lambda_51b6e8b1eb166f2a3faf91f424b38130>@@AAV<lambda_6250bd4b2a391816dd638c3bf72b0bcb>@@$$QAV<lambda_0b5a4a3e68152e1d9b943535f5f47bed>@@@Z 10046cb8     libucrt:per_thread_data.obj
 0002:00008cd8       __sehtable$??$?RV<lambda_5b71d36f03204c0beab531769a5b5694>@@AAV<lambda_be2b3da3f62db62e9dad5dc70221a656>@@V<lambda_8f9ce462984622f9bf76b59e2aaaf805>@@@?$__crt_seh_guarded_call@X@@QAEX$$QAV<lambda_5b71d36f03204c0beab531769a5b5694>@@AAV<lambda_be2b3da3f62db62e9dad5dc70221a656>@@$$QAV<lambda_8f9ce462984622f9bf76b59e2aaaf805>@@@Z 10046cd8     libucrt:per_thread_data.obj
 0002:00008cf8       __sehtable$___acrt_uninitialize_locale 10046cf8     libucrt:wsetlocale.obj
 0002:00008d18       __sehtable$__fcloseall     10046d18     libucrt:closeall.obj
 0002:00008d38       __sehtable$??$?RV<lambda_61cee617f5178ae960314fd4d05640a0>@@AAV<lambda_6978c1fb23f02e42e1d9e99668cc68aa>@@V<lambda_9cd88cf8ad10232537feb2133f08c833>@@@?$__crt_seh_guarded_call@H@@QAEH$$QAV<lambda_61cee617f5178ae960314fd4d05640a0>@@AAV<lambda_6978c1fb23f02e42e1d9e99668cc68aa>@@$$QAV<lambda_9cd88cf8ad10232537feb2133f08c833>@@@Z 10046d38     libucrt:commit.obj
 0002:00008d58       __sehtable$__write         10046d58     libucrt:write.obj
 0002:00008d78       __sehtable$___acrt_update_thread_multibyte_data 10046d78     libucrt:mbctype.obj
 0002:00008d98       __sehtable$??$?RV<lambda_978dc153c237d78434369da87b74ff60>@@AAV<lambda_ad1ced32f4ac17aa236e5ef05d6b3b7c>@@V<lambda_4a8533e2866a575feecb8298ce776b0d>@@@?$__crt_seh_guarded_call@X@@QAEX$$QAV<lambda_978dc153c237d78434369da87b74ff60>@@AAV<lambda_ad1ced32f4ac17aa236e5ef05d6b3b7c>@@$$QAV<lambda_4a8533e2866a575feecb8298ce776b0d>@@@Z 10046d98     libucrt:mbctype.obj
 0002:00008db8       __sehtable$__query_new_handler 10046db8     libucrt:new_handler.obj
 0002:00008dd8       __sehtable$_raise          10046dd8     libucrt:signal.obj
 0002:00008df8       __sehtable$??$?RV<lambda_a048d3beccc847880fc8490e18b82769>@@AAV<lambda_ec61778202f4f5fc7e7711acc23c3bca>@@V<lambda_f7496a158712204296dd6628a163878e>@@@?$__crt_seh_guarded_call@P6AXH@Z@@QAEP6AXH@Z$$QAV<lambda_a048d3beccc847880fc8490e18b82769>@@AAV<lambda_ec61778202f4f5fc7e7711acc23c3bca>@@$$QAV<lambda_f7496a158712204296dd6628a163878e>@@@Z 10046df8     libucrt:signal.obj
 0002:00008e18       __sehtable$___acrt_lowio_ensure_fh_exists 10046e18     libucrt:osfinfo.obj
 0002:00008e38       __sehtable$___acrt_update_thread_locale_data 10046e38     libucrt:locale_refcounting.obj
 0002:00008e58       __sehtable$??$common_lseek@_J@@YA_JH_JH@Z 10046e58     libucrt:lseek.obj
 0002:00008e78       __sehtable$__IsNonwritableInCurrentImage 10046e78     LIBCMT:pesect.obj
 0002:00008ea0       .edata                     10046ea0     MJPG_Decoder.exp
 0002:00008ec8       rgpv                       10046ec8     MJPG_Decoder.exp
 0002:00008ee8       rgszName                   10046ee8     MJPG_Decoder.exp
 0002:00008f08       rgwOrd                     10046f08     MJPG_Decoder.exp
 0002:00008f18       szName                     10046f18     MJPG_Decoder.exp
 0002:00008f29       $N00001                    10046f29     MJPG_Decoder.exp
 0002:00008f42       $N00002                    10046f42     MJPG_Decoder.exp
 0002:00008f5b       $N00003                    10046f5b     MJPG_Decoder.exp
 0002:00008f7d       $N00004                    10046f7d     MJPG_Decoder.exp
 0002:00008fa2       $N00005                    10046fa2     MJPG_Decoder.exp
 0002:00008fbe       $N00006                    10046fbe     MJPG_Decoder.exp
 0002:00008feb       $N00007                    10046feb     MJPG_Decoder.exp
 0002:00009009       $N00008                    10047009     MJPG_Decoder.exp
 0002:0000917a       .idata$6                   1004717a     kernel32:KERNEL32.dll
 0003:00000020       ?__vcrt_flsindex@@3KA      10048020     libvcruntime:per_thread_data.obj
 0003:00000040       _errno_no_memory           10048040     libucrt:errno.obj
 0003:00000044       _doserrno_no_memory        10048044     libucrt:errno.obj
 0003:00000128       ___acrt_flsindex           10048128     libucrt:per_thread_data.obj
 0003:000001f4       ___rgctypeflag             100481f4     libucrt:mbctype.obj
 0003:000001f8       ___rgcode_page_info        100481f8     libucrt:mbctype.obj
 0003:000007a0       _errStr                    100487a0     bmp.obj
 0003:00000868       _simd_support              10048868     jsimd_i386.obj
 0003:00000870       _errStr                    10048870     turbojpeg.obj
 0003:00000998       _GS_ExceptionRecord        10048998     LIBCMT:gs_report.obj
 0003:000009e8       _GS_ContextRecord          100489e8     LIBCMT:gs_report.obj
 0003:00000cb4       ?__proc_attached@@3HA      10048cb4     LIBCMT:dll_dllmain.obj
 0003:00000cc0       ?module_local_atexit_table@@3U_onexit_table_t@@A 10048cc0     LIBCMT:utility.obj
 0003:00000ccc       ?module_local_at_quick_exit_table@@3U_onexit_table_t@@A 10048ccc     LIBCMT:utility.obj
 0003:00000cd8       ?is_initialized_as_dll@@3_NA 10048cd8     LIBCMT:utility.obj
 0003:00000cf8       ?__vcrt_startup_thread_ptd@@3U__vcrt_ptd@@A 10048cf8     libvcruntime:per_thread_data.obj
 0003:00000d20       ___vcrt_lock_table         10048d20     libvcruntime:locks.obj
 0003:00000d38       ___vcrt_locks_initialized  10048d38     libvcruntime:locks.obj
 0003:00000d3c       ?module_handles@@3PAPAUHINSTANCE__@@A 10048d3c     libvcruntime:winapi_downlevel.obj
 0003:00000d4c       ?encoded_function_pointers@@3PAPAXA 10048d4c     libvcruntime:winapi_downlevel.obj
 0003:00000d9c       ?heap@@3V_HeapManager@@A   10048d9c     libvcruntime:undname.obj
 0003:00000dbc       _c_termination_complete    10048dbc     libucrt:exit.obj
 0003:00000dc0       _thread_local_exit_callback_func 10048dc0     libucrt:exit.obj
 0003:00000dc4       ?c_exit_complete@?5??common_exit@@YAXHW4_crt_exit_cleanup_mode@@W4_crt_exit_return_mode@@@Z@4_NA 10048dc4     libucrt:exit.obj
 0003:00000dc8       ?program_name@?5???$common_configure_argv@D@@YAHW4_crt_argv_mode@@@Z@4PADA 10048dc8     libucrt:argv_parsing.obj
 0003:00000ef8       ___acrt_invalid_parameter_handler 10048ef8     libucrt:invalid_parameter.obj
 0003:00001104       _enable_percent_n          10049104     libucrt:printf_count_output.obj
 0003:00001118       _module_handles            10049118     libucrt:winapi_thunks.obj
 0003:00001168       _encoded_function_pointers 10049168     libucrt:winapi_thunks.obj
 0003:000011e8       ?state_cache@?1??__acrt_is_packaged_app@@9@4JA 100491e8     libucrt:winapi_thunks.obj
 0003:000011f0       ___acrt_lock_table         100491f0     libucrt:locks.obj
 0003:00001328       ___acrt_locks_initialized  10049328     libucrt:locks.obj
 0003:00001344       _fSystemSet                10049344     libucrt:mbctype.obj
 0003:00001348       ?initialized@?1??__acrt_initialize_multibyte@@9@4_NA 10049348     libucrt:mbctype.obj
 0003:00001368       ___acrt_new_handler        10049368     libucrt:new_handler.obj
 0003:0000136c       _ctrlc_action              1004936c     libucrt:signal.obj
 0003:00001370       _ctrlbreak_action          10049370     libucrt:signal.obj
 0003:00001374       _abort_action              10049374     libucrt:signal.obj
 0003:00001378       _term_action               10049378     libucrt:signal.obj
 0003:0000137c       _user_matherr              1004937c     libucrt:matherr.obj
 0003:00001380       ___acrt_global_new_mode    10049380     libucrt:new_mode.obj
 0003:0000138c       ___acrt_app_type           1004938c     libucrt:report_runtime_error.obj
 0003:00001394       __pmatherr_set             10049394     libucrt:libm_error.obj
 0003:00001398       _jpeg_nbits_table_init     10049398     jchuff.obj
 0003:000013a0       _jpeg_nbits_table          100493a0     jchuff.obj
 0004:00000000       __guard_fids____dcrt_uninitialize_environments_nolock 1005a000     libucrt:environment_initialization.obj
 0004:00000008       __guard_fids__             1005a008     libucrt:initialization.obj
 0004:00000068       __guard_fids____acrt_initialize_ptd 1005a068     libucrt:per_thread_data.obj
 0004:0000006c       __guard_fids__             1005a06c     libucrt:stdio_initializer.obj
 0004:00000070       __guard_fids__             1005a070     libucrt:stdio_initializer.obj
 0004:00000074       __guard_fids_??$expand_argument_wildcards@D@@YAHQAD0AAV?$argument_list@D@?A0xb0e4b824@@@Z 1005a074     libucrt:argv_wildcards.obj
 0004:00000078       __guard_fids__             1005a078     libucrt:locale_initializer.obj
 0004:0000007c       __guard_fids__             1005a07c     libucrt:multibyte_initializer.obj
 0004:00000080       __guard_fids____libm_error_support 1005a080     libucrt:libm_error.obj
 0004:00000084       __guard_fids__             1005a084     libucrt:console_output_initializer.obj
 0004:00000088       __guard_fids__             1005a088     libucrt:sse2_initializer.obj
 0004:0000008c       __guard_fids_?dllmain_crt_process_attach@@YAHQAUHINSTANCE__@@QAX@Z 1005a08c     LIBCMT:dll_dllmain.obj
 0004:00000094       __guard_fids_?dllmain_dispatch@@YAHQAUHINSTANCE__@@KQAX@Z 1005a094     LIBCMT:dll_dllmain.obj
 0004:00000098       __guard_fids__             1005a098     LIBCMT:guard_support.obj
 0004:0000009c       __guard_fids__             1005a09c     libvcruntime:frame.obj
 0004:000000a0       __guard_fids__             1005a0a0     libvcruntime:frame.obj
 0004:000000a8       __guard_fids__             1005a0a8     libvcruntime:frame.obj
 0004:000000b0       __guard_fids__             1005a0b0     libvcruntime:frame.obj
 0004:000000b4       __guard_fids__             1005a0b4     libvcruntime:frame.obj
 0004:000000b8       __guard_fids__             1005a0b8     libvcruntime:frame.obj
 0004:000000bc       __guard_fids____vcrt_initialize_ptd 1005a0bc     libvcruntime:per_thread_data.obj
 0004:000000c0       __guard_fids__             1005a0c0     LIBCMT:std_type_info_static.obj
 0005:00000060       $R000000                   1005b060     * linker generated manifest res *
